
 Start         Length     Name                   Class
 0001:00000000 000C0468H .text                   CODE
 0002:00000000 00002C70H .data                   DATA
 0002:00002C70 00002221H .bss                    BSS


Detailed map of segments

 0001:00000000 00005E33 C=CODE     S=.text    G=(none)   M=System   ACBP=A9
 0001:00005E34 00000140 C=CODE     S=.text    G=(none)   M=SysInit  ACBP=A9
 0001:00005F74 00000134 C=CODE     S=.text    G=(none)   M=Types    ACBP=A9
 0001:000060A8 00000D48 C=CODE     S=.text    G=(none)   M=Windows  ACBP=A9
 0001:00006DF0 00000038 C=CODE     S=.text    G=(none)   M=Messages ACBP=A9
 0001:00006E28 00000340 C=CODE     S=.text    G=(none)   M=SysConst ACBP=A9
 0001:00007168 000072C0 C=CODE     S=.text    G=(none)   M=SysUtils ACBP=A9
 0001:0000E428 0000099F C=CODE     S=.text    G=(none)   M=VarUtils ACBP=A9
 0001:0000EDC8 000092AC C=CODE     S=.text    G=(none)   M=Variants ACBP=A9
 0001:00018074 00000130 C=CODE     S=.text    G=(none)   M=RTLConsts ACBP=A9
 0001:000181A4 00000DCC C=CODE     S=.text    G=(none)   M=TypInfo  ACBP=A9
 0001:00018F70 000000A0 C=CODE     S=.text    G=(none)   M=ActiveX  ACBP=A9
 0001:00019010 0000C8CE C=CODE     S=.text    G=(none)   M=Classes  ACBP=A9
 0001:000258E0 00000358 C=CODE     S=.text    G=(none)   M=Consts   ACBP=A9
 0001:00025C38 00008FD3 C=CODE     S=.text    G=(none)   M=Graphics ACBP=A9
 0001:0002EC0C 00000048 C=CODE     S=.text    G=(none)   M=Math     ACBP=A9
 0001:0002EC54 000002B8 C=CODE     S=.text    G=(none)   M=Contnrs  ACBP=A9
 0001:0002EF0C 00000844 C=CODE     S=.text    G=(none)   M=CommCtrl ACBP=A9
 0001:0002F750 00000787 C=CODE     S=.text    G=(none)   M=MultiMon ACBP=A9
 0001:0002FED8 00000038 C=CODE     S=.text    G=(none)   M=Imm      ACBP=A9
 0001:0002FF10 00001098 C=CODE     S=.text    G=(none)   M=HelpIntfs ACBP=A9
 0001:00030FA8 00000058 C=CODE     S=.text    G=(none)   M=WinSpool ACBP=A9
 0001:00031000 00000F80 C=CODE     S=.text    G=(none)   M=Printers ACBP=A9
 0001:00031F80 0000031F C=CODE     S=.text    G=(none)   M=FlatSB   ACBP=A9
 0001:000322A0 000096C8 C=CODE     S=.text    G=(none)   M=StdCtrls ACBP=A9
 0001:0003B968 00000040 C=CODE     S=.text    G=(none)   M=ShellAPI ACBP=A9
 0001:0003B9A8 00000038 C=CODE     S=.text    G=(none)   M=RegStr   ACBP=A9
 0001:0003B9E0 00000038 C=CODE     S=.text    G=(none)   M=WinInet  ACBP=A9
 0001:0003BA18 00000038 C=CODE     S=.text    G=(none)   M=UrlMon   ACBP=A9
 0001:0003BA50 00000048 C=CODE     S=.text    G=(none)   M=ShlObj   ACBP=A9
 0001:0003BA98 00000040 C=CODE     S=.text    G=(none)   M=CommDlg  ACBP=A9
 0001:0003BAD8 00009198 C=CODE     S=.text    G=(none)   M=ExtCtrls ACBP=A9
 0001:00044C70 00000038 C=CODE     S=.text    G=(none)   M=Dlgs     ACBP=A9
 0001:00044CA8 00002325 C=CODE     S=.text    G=(none)   M=Dialogs  ACBP=A9
 0001:00046FD0 00000094 C=CODE     S=.text    G=(none)   M=Clipbrd  ACBP=A9
 0001:00047064 0000009C C=CODE     S=.text    G=(none)   M=StrUtils ACBP=A9
 0001:00047100 00000168 C=CODE     S=.text    G=(none)   M=StdActns ACBP=A9
 0001:00047268 00000CC4 C=CODE     S=.text    G=(none)   M=WinHelpViewer ACBP=A9
 0001:00047F2C 00010EEF C=CODE     S=.text    G=(none)   M=Controls ACBP=A9
 0001:00058E1C 0000130E C=CODE     S=.text    G=(none)   M=ActnList ACBP=A9
 0001:0005A12C 00001B28 C=CODE     S=.text    G=(none)   M=ImgList  ACBP=A9
 0001:0005BC54 000064CD C=CODE     S=.text    G=(none)   M=Menus    ACBP=A9
 0001:00062124 0000D8AC C=CODE     S=.text    G=(none)   M=Forms    ACBP=A9
 0001:0006F9D0 00001018 C=CODE     S=.text    G=(none)   M=IniFiles ACBP=A9
 0001:000709E8 00000058 C=CODE     S=.text    G=(none)   M=ComConst ACBP=A9
 0001:00070A40 00000E9D C=CODE     S=.text    G=(none)   M=ComObj   ACBP=A9
 0001:000718E0 000006D4 C=CODE     S=.text    G=(none)   M=PackmanUtils ACBP=A9
 0001:00071FB4 000012DC C=CODE     S=.text    G=(none)   M=InstallFiles ACBP=A9
 0001:00073290 000032F1 C=CODE     S=.text    G=(none)   M=Buttons  ACBP=A9
 0001:00076584 00000038 C=CODE     S=.text    G=(none)   M=RichEdit ACBP=A9
 0001:000765BC 00000ACC C=CODE     S=.text    G=(none)   M=ToolWin  ACBP=A9
 0001:00077088 000000B8 C=CODE     S=.text    G=(none)   M=ComStrs  ACBP=A9
 0001:00077140 00000038 C=CODE     S=.text    G=(none)   M=ExtDlgs  ACBP=A9
 0001:00077178 00000068 C=CODE     S=.text    G=(none)   M=Registry ACBP=A9
 0001:000771E0 0000006C C=CODE     S=.text    G=(none)   M=Mapi     ACBP=A9
 0001:0007724C 00000058 C=CODE     S=.text    G=(none)   M=ExtActns ACBP=A9
 0001:000772A4 00001AF8 C=CODE     S=.text    G=(none)   M=ListActns ACBP=A9
 0001:00078D9C 00024E90 C=CODE     S=.text    G=(none)   M=ComCtrls ACBP=A9
 0001:0009DC2C 00000C88 C=CODE     S=.text    G=(none)   M=RemoveForms ACBP=A9
 0001:0009E8B4 00000824 C=CODE     S=.text    G=(none)   M=Installers ACBP=A9
 0001:0009F0D8 00000038 C=CODE     S=.text    G=(none)   M=PackmanExitCodesU ACBP=A9
 0001:0009F110 00006B6C C=CODE     S=.text    G=(none)   M=BZip2    ACBP=A9
 0001:000A5C7C 000009DC C=CODE     S=.text    G=(none)   M=LibTar   ACBP=A9
 0001:000A6658 00000208 C=CODE     S=.text    G=(none)   M=ExtractionProgressDialog ACBP=A9
 0001:000A6860 000000F9 C=CODE     S=.text    G=(none)   M=ziptypes ACBP=A9
 0001:000A695C 00004B13 C=CODE     S=.text    G=(none)   M=unzip    ACBP=A9
 0001:000AB470 00003160 C=CODE     S=.text    G=(none)   M=InstallWizards ACBP=A9
 0001:000AE5D0 00003448 C=CODE     S=.text    G=(none)   M=devTabs  ACBP=A9
 0001:000B1A18 00000208 C=CODE     S=.text    G=(none)   M=DetailsForms ACBP=A9
 0001:000B1C20 00000824 C=CODE     S=.text    G=(none)   M=VerifyForms ACBP=A9
 0001:000B2444 00000388 C=CODE     S=.text    G=(none)   M=AboutForms ACBP=A9
 0001:000B27CC 0000164C C=CODE     S=.text    G=(none)   M=Main     ACBP=A9
 0001:000B3E18 00008F3C C=CODE     S=.text    G=(none)   M=XPMenu   ACBP=A9
 0001:000BCD54 0000341C C=CODE     S=.text    G=(none)   M=ExceptionsAnalyzer ACBP=A9
 0001:000C0170 000002F8 C=CODE     S=.text    G=(none)   M=Packman  ACBP=A9
 0002:00000000 000000B0 C=DATA     S=.data    G=DGROUP   M=System   ACBP=A9
 0002:000000B0 00000018 C=DATA     S=.data    G=DGROUP   M=SysInit  ACBP=A9
 0002:000000C8 00000254 C=DATA     S=.data    G=DGROUP   M=SysUtils ACBP=A9
 0002:0000031C 00000110 C=DATA     S=.data    G=DGROUP   M=VarUtils ACBP=A9
 0002:0000042C 00000186 C=DATA     S=.data    G=DGROUP   M=Variants ACBP=A9
 0002:000005B4 0000000C C=DATA     S=.data    G=DGROUP   M=TypInfo  ACBP=A9
 0002:000005C0 00000010 C=DATA     S=.data    G=DGROUP   M=ActiveX  ACBP=A9
 0002:000005D0 000000E4 C=DATA     S=.data    G=DGROUP   M=Classes  ACBP=A9
 0002:000006B4 00000304 C=DATA     S=.data    G=DGROUP   M=Graphics ACBP=A9
 0002:000009B8 00000004 C=DATA     S=.data    G=DGROUP   M=Printers ACBP=A9
 0002:000009BC 000000F4 C=DATA     S=.data    G=DGROUP   M=StdCtrls ACBP=A9
 0002:00000AB0 00000010 C=DATA     S=.data    G=DGROUP   M=ShlObj   ACBP=A9
 0002:00000AC0 00000028 C=DATA     S=.data    G=DGROUP   M=ExtCtrls ACBP=A9
 0002:00000AE8 00000114 C=DATA     S=.data    G=DGROUP   M=Dialogs  ACBP=A9
 0002:00000BFC 0000013C C=DATA     S=.data    G=DGROUP   M=Controls ACBP=A9
 0002:00000D38 00000020 C=DATA     S=.data    G=DGROUP   M=ImgList  ACBP=A9
 0002:00000D58 000000EC C=DATA     S=.data    G=DGROUP   M=Menus    ACBP=A9
 0002:00000E44 00000130 C=DATA     S=.data    G=DGROUP   M=Forms    ACBP=A9
 0002:00000F74 00000008 C=DATA     S=.data    G=DGROUP   M=IniFiles ACBP=A9
 0002:00000F7C 00000030 C=DATA     S=.data    G=DGROUP   M=ComObj   ACBP=A9
 0002:00000FAC 0000009E C=DATA     S=.data    G=DGROUP   M=Buttons  ACBP=A9
 0002:0000104C 00000020 C=DATA     S=.data    G=DGROUP   M=ToolWin  ACBP=A9
 0002:0000106C 00000008 C=DATA     S=.data    G=DGROUP   M=Registry ACBP=A9
 0002:00001074 00000008 C=DATA     S=.data    G=DGROUP   M=Mapi     ACBP=A9
 0002:0000107C 000002B0 C=DATA     S=.data    G=DGROUP   M=ComCtrls ACBP=A9
 0002:0000132C 00000020 C=DATA     S=.data    G=DGROUP   M=PackmanExitCodesU ACBP=A9
 0002:0000134C 00000C40 C=DATA     S=.data    G=DGROUP   M=BZip2    ACBP=A9
 0002:00001F8C 0000002C C=DATA     S=.data    G=DGROUP   M=LibTar   ACBP=A9
 0002:00001FB8 000007BC C=DATA     S=.data    G=DGROUP   M=unzip    ACBP=A9
 0002:00002774 00000014 C=DATA     S=.data    G=DGROUP   M=InstallWizards ACBP=A9
 0002:00003000 0000070C C=BSS      S=.bss     G=DGROUP   M=System   ACBP=A9
 0002:0000370C 00000018 C=BSS      S=.bss     G=DGROUP   M=SysInit  ACBP=A9
 0002:00003724 00000004 C=BSS      S=.bss     G=DGROUP   M=Types    ACBP=A9
 0002:00003728 00000004 C=BSS      S=.bss     G=DGROUP   M=Windows  ACBP=A9
 0002:0000372C 00000004 C=BSS      S=.bss     G=DGROUP   M=Messages ACBP=A9
 0002:00003730 00000004 C=BSS      S=.bss     G=DGROUP   M=SysConst ACBP=A9
 0002:00003734 00000120 C=BSS      S=.bss     G=DGROUP   M=SysUtils ACBP=A9
 0002:00003854 0000005C C=BSS      S=.bss     G=DGROUP   M=VarUtils ACBP=A9
 0002:000038B0 00000184 C=BSS      S=.bss     G=DGROUP   M=Variants ACBP=A9
 0002:00003A34 00000004 C=BSS      S=.bss     G=DGROUP   M=RTLConsts ACBP=A9
 0002:00003A38 00000004 C=BSS      S=.bss     G=DGROUP   M=TypInfo  ACBP=A9
 0002:00003A3C 00000004 C=BSS      S=.bss     G=DGROUP   M=ActiveX  ACBP=A9
 0002:00003A40 00000040 C=BSS      S=.bss     G=DGROUP   M=Classes  ACBP=A9
 0002:00003A80 00000004 C=BSS      S=.bss     G=DGROUP   M=Consts   ACBP=A9
 0002:00003A84 00000060 C=BSS      S=.bss     G=DGROUP   M=Graphics ACBP=A9
 0002:00003AE4 00000004 C=BSS      S=.bss     G=DGROUP   M=Math     ACBP=A9
 0002:00003AE8 00000004 C=BSS      S=.bss     G=DGROUP   M=Contnrs  ACBP=A9
 0002:00003AEC 0000000C C=BSS      S=.bss     G=DGROUP   M=CommCtrl ACBP=A9
 0002:00003AF8 00000031 C=BSS      S=.bss     G=DGROUP   M=MultiMon ACBP=A9
 0002:00003B2C 00000004 C=BSS      S=.bss     G=DGROUP   M=Imm      ACBP=A9
 0002:00003B30 00000008 C=BSS      S=.bss     G=DGROUP   M=HelpIntfs ACBP=A9
 0002:00003B38 00000004 C=BSS      S=.bss     G=DGROUP   M=WinSpool ACBP=A9
 0002:00003B3C 00000004 C=BSS      S=.bss     G=DGROUP   M=Printers ACBP=A9
 0002:00003B40 00000034 C=BSS      S=.bss     G=DGROUP   M=FlatSB   ACBP=A9
 0002:00003B74 00000004 C=BSS      S=.bss     G=DGROUP   M=StdCtrls ACBP=A9
 0002:00003B78 00000004 C=BSS      S=.bss     G=DGROUP   M=ShellAPI ACBP=A9
 0002:00003B7C 00000004 C=BSS      S=.bss     G=DGROUP   M=RegStr   ACBP=A9
 0002:00003B80 00000004 C=BSS      S=.bss     G=DGROUP   M=WinInet  ACBP=A9
 0002:00003B84 00000004 C=BSS      S=.bss     G=DGROUP   M=UrlMon   ACBP=A9
 0002:00003B88 00000004 C=BSS      S=.bss     G=DGROUP   M=ShlObj   ACBP=A9
 0002:00003B8C 00000004 C=BSS      S=.bss     G=DGROUP   M=CommDlg  ACBP=A9
 0002:00003B90 00000004 C=BSS      S=.bss     G=DGROUP   M=ExtCtrls ACBP=A9
 0002:00003B94 00000004 C=BSS      S=.bss     G=DGROUP   M=Dlgs     ACBP=A9
 0002:00003B98 00000038 C=BSS      S=.bss     G=DGROUP   M=Dialogs  ACBP=A9
 0002:00003BD0 0000000C C=BSS      S=.bss     G=DGROUP   M=Clipbrd  ACBP=A9
 0002:00003BDC 00000004 C=BSS      S=.bss     G=DGROUP   M=StrUtils ACBP=A9
 0002:00003BE0 00000004 C=BSS      S=.bss     G=DGROUP   M=StdActns ACBP=A9
 0002:00003BE4 00000010 C=BSS      S=.bss     G=DGROUP   M=WinHelpViewer ACBP=A9
 0002:00003BF4 00000080 C=BSS      S=.bss     G=DGROUP   M=Controls ACBP=A9
 0002:00003C74 00000004 C=BSS      S=.bss     G=DGROUP   M=ActnList ACBP=A9
 0002:00003C78 00000004 C=BSS      S=.bss     G=DGROUP   M=ImgList  ACBP=A9
 0002:00003C7C 00000010 C=BSS      S=.bss     G=DGROUP   M=Menus    ACBP=A9
 0002:00003C8C 00000020 C=BSS      S=.bss     G=DGROUP   M=Forms    ACBP=A9
 0002:00003CAC 00000004 C=BSS      S=.bss     G=DGROUP   M=IniFiles ACBP=A9
 0002:00003CB0 00000004 C=BSS      S=.bss     G=DGROUP   M=ComConst ACBP=A9
 0002:00003CB4 00000011 C=BSS      S=.bss     G=DGROUP   M=ComObj   ACBP=A9
 0002:00003CC8 00000004 C=BSS      S=.bss     G=DGROUP   M=PackmanUtils ACBP=A9
 0002:00003CCC 00000004 C=BSS      S=.bss     G=DGROUP   M=InstallFiles ACBP=A9
 0002:00003CD0 00000030 C=BSS      S=.bss     G=DGROUP   M=Buttons  ACBP=A9
 0002:00003D00 00000004 C=BSS      S=.bss     G=DGROUP   M=RichEdit ACBP=A9
 0002:00003D04 00000004 C=BSS      S=.bss     G=DGROUP   M=ToolWin  ACBP=A9
 0002:00003D08 00000004 C=BSS      S=.bss     G=DGROUP   M=ComStrs  ACBP=A9
 0002:00003D0C 00000004 C=BSS      S=.bss     G=DGROUP   M=ExtDlgs  ACBP=A9
 0002:00003D10 00000004 C=BSS      S=.bss     G=DGROUP   M=Registry ACBP=A9
 0002:00003D14 00000004 C=BSS      S=.bss     G=DGROUP   M=Mapi     ACBP=A9
 0002:00003D18 00000009 C=BSS      S=.bss     G=DGROUP   M=ExtActns ACBP=A9
 0002:00003D24 00000004 C=BSS      S=.bss     G=DGROUP   M=ListActns ACBP=A9
 0002:00003D28 00000034 C=BSS      S=.bss     G=DGROUP   M=ComCtrls ACBP=A9
 0002:00003D5C 00000008 C=BSS      S=.bss     G=DGROUP   M=RemoveForms ACBP=A9
 0002:00003D64 00000004 C=BSS      S=.bss     G=DGROUP   M=Installers ACBP=A9
 0002:00003D68 00000004 C=BSS      S=.bss     G=DGROUP   M=PackmanExitCodesU ACBP=A9
 0002:00003D6C 00000004 C=BSS      S=.bss     G=DGROUP   M=BZip2    ACBP=A9
 0002:00003D70 00000004 C=BSS      S=.bss     G=DGROUP   M=LibTar   ACBP=A9
 0002:00003D74 00000008 C=BSS      S=.bss     G=DGROUP   M=ExtractionProgressDialog ACBP=A9
 0002:00003D7C 00000008 C=BSS      S=.bss     G=DGROUP   M=ziptypes ACBP=A9
 0002:00003D84 00001438 C=BSS      S=.bss     G=DGROUP   M=unzip    ACBP=A9
 0002:000051BC 00000014 C=BSS      S=.bss     G=DGROUP   M=InstallWizards ACBP=A9
 0002:000051D0 00000004 C=BSS      S=.bss     G=DGROUP   M=devTabs  ACBP=A9
 0002:000051D4 00000008 C=BSS      S=.bss     G=DGROUP   M=DetailsForms ACBP=A9
 0002:000051DC 00000008 C=BSS      S=.bss     G=DGROUP   M=VerifyForms ACBP=A9
 0002:000051E4 00000008 C=BSS      S=.bss     G=DGROUP   M=AboutForms ACBP=A9
 0002:000051EC 00000008 C=BSS      S=.bss     G=DGROUP   M=Main     ACBP=A9
 0002:000051F4 00000008 C=BSS      S=.bss     G=DGROUP   M=XPMenu   ACBP=A9
 0002:000051FC 00000024 C=BSS      S=.bss     G=DGROUP   M=ExceptionsAnalyzer ACBP=A9


  Address         Publics by Name

 0001:000A13A8       ..
 0002:00001F4C       ..
 0001:000A451C       ..
 0001:0009F71C       ..
 0001:000A20C4       ..
 0002:00001F84       ..
 0002:00003B98       .01
 0002:00003B78       .1
 0002:00003D00       .1
 0002:0000371C       .1
 0002:00003B2C       .1
 0002:00003D80       .1
 0002:00003B8C       .1
 0002:00003D84       .1
 0002:00003D14       .1
 0002:00003B88       .1
 0002:00003CB0       .1
 0002:00003BDC       .1
 0002:00003B94       .1
 0002:00003AEC       .1
 0002:00003B84       .1
 0002:00003724       .1
 0002:00003D08       .1
 0002:00003B7C       .1
 0002:00003D68       .1
 0002:00003B60       .1
 0002:00003854       .1
 0002:00003A34       .1
 0002:00003BEC       .1
 0002:00003CC8       .1
 0002:00003B80       .1
 0002:00003A80       .1
 0002:00003730       .1
 0002:00003B18       .1
 0002:0000372C       .1
 0002:00003B90       .12
 0002:00003A88       .12
 0002:00003B30       .2
 0002:00003D60       .2
 0002:00003BD4       .2
 0002:00003D64       .2
 0002:000051C0       .2
 0002:00003D78       .2
 0002:000051D8       .2
 0002:000051F0       .2
 0002:00003AE4       .2
 0002:000051E0       .2
 0002:000051E8       .2
 0002:00003AE8       .21
 0002:00003B3C       .3
 0002:00003A3C       .3
 0002:00003C78       .3
 0002:000051FC       .3
 0002:00003D0C       .3
 0002:00003728       .3
 0002:00003B38       .3
 0002:00003A48       .35
 0002:00003D28       .36
 0002:000051F8       .4
 0002:00003CD0       .4
 0002:00003D70       .4
 0002:00003D04       .4
 0002:00003CB4       .41
 0002:00003C94       .41
 0002:00003B74       .42
 0002:00003D10       .5
 0002:00003CCC       .5
 0002:000035BC       .5
 0002:000051D0       .6
 0002:00003A38       .6
 0002:00003BE0       .63
 0002:00003D6C       .7
 0002:00003D18       .72
 0002:00003BFC       .72
 0002:00003D24       .8
 0002:00003CAC       .8
 0002:00003C74       .8
 0002:000038D0       .81
 0002:00003C84       .9
 0002:00003844       .94
 0001:00001D48       @AbstractError
 0001:000030EC       @AfterConstruction
 0001:00002EE0       @AsClass
 0001:00002020       @Assign
 0001:000022F8       @AStrCmp
 0001:000030FC       @BeforeDestruction
 0001:00002184       @BlockRead
 0001:000021A4       @BlockWrite
 0001:00002C70       @BoundErr
 0001:00002F2C       @CallDynaInst
 0001:00003094       @ClassCreate
 0001:000030E4       @ClassDestroy
 0001:000021C4       @Close
 0001:00002428       @CloseFile
 0001:0000193C       @Copy
 0001:000047C4       @CopyArray
 0001:000046A8       @CopyRecord
 0001:00001980       @Delete
 0001:00004A78       @DispCallByIDError
 0001:000048CC       @Dispose
 0001:00003578       @DoneExcept
 0001:000051B4       @DynArrayAsg
 0001:00005178       @DynArrayClear
 0001:00005064       @DynArrayCopy
 0001:00005084       @DynArrayCopyRange
 0001:00004EA4       @DynArrayHigh
 0001:00004E9C       @DynArrayLength
 0001:00005058       @DynArraySetLength
 0001:00002368       @Erase
 0001:00003660       @ExceptionHandler
 0001:000023A0       @FileSize
 0001:000023EC       @FillChar
 0001:0000469C       @Finalize
 0001:000045B0       @FinalizeArray
 0001:0000457C       @FinalizeRecord
 0001:00002F44       @FindDynaInst
 0001:000020DC       @Flush
 0001:00002C64       @FpuInit
 0001:00002BA0       @FpuMaskInit
 0001:0000178C       @FreeMem
 0001:0000176C       @GetMem
 0001:00005EAC       @GetTls
 0001:00003A84       @Halt
 0001:000039AC       @Halt0
 0001:00003210       @HandleAnyException
 0001:000034C4       @HandleFinally
 0001:0000333C       @HandleOnException
 0001:00005EF8       @InitExe
 0001:00004570       @Initialize
 0001:000044DC       @InitializeArray
 0001:000044AC       @InitializeRecord
 0001:00003870       @InitImports
 0001:00003848       @InitResStringImports
 0001:00005894       @IntfAddRef
 0001:00005868       @IntfCast
 0001:00005824       @IntfClear
 0001:0000583C       @IntfCopy
 0001:00002EBC       @IsClass
 0001:00002B70       @isNECWindows
 0001:000019B0       @LGetDir
 0001:00003F3C       @LStrAddRef
 0001:00003AC0       @LStrArrayClr
 0001:00003AF0       @LStrAsg
 0001:00003D5C       @LStrCat
 0001:00003DA0       @LStrCat3
 0001:00003E14       @LStrCatN
 0001:00003A9C       @LStrClr
 0001:00003E98       @LStrCmp
 0001:00003FAC       @LStrCopy
 0001:00003FEC       @LStrDelete
 0001:00003D04       @LStrFromArray
 0001:00003C7C       @LStrFromChar
 0001:00003C8C       @LStrFromPChar
 0001:00003B8C       @LStrFromPCharLen
 0001:00003CBC       @LStrFromPWChar
 0001:00003BF0       @LStrFromPWCharLen
 0001:00003CF8       @LStrFromString
 0001:00003D1C       @LStrFromWStr
 0001:00004034       @LStrInsert
 0001:00003B34       @LStrLAsg
 0001:00003D54       @LStrLen
 0001:0000413C       @LStrOfChar
 0001:00004090       @LStrPos
 0001:000040D8       @LStrSetLength
 0001:00003F4C       @LStrToPChar
 0001:00003D30       @LStrToString
 0001:000048B8       @New
 0001:00003B60       @NewAnsiString
 0001:00004198       @NewWideString
 0001:00002888       @Pow10
 0001:00002274       @PStrCmp
 0001:0000224C       @PStrCpy
 0001:0000221C       @PStrNCat
 0001:00002258       @PStrNCpy
 0001:00003524       @RaiseAgain
 0001:000034FC       @RaiseExcept
 0001:0000240C       @RandInt
 0001:000017AC       @ReallocMem
 0001:00002530       @ResetFile
 0001:0000254C       @RewritFile
 0001:00001DBC       @RewritText
 0001:00001D18       @ROUND
 0001:00003A90       @RunError
 0001:00002558       @Seek
 0001:000027E4       @SetElem
 0001:00002860       @SetEq
 0001:00002808       @SetRange
 0001:00002874       @SetUnion
 0001:00001A28       @SGetDir
 0001:00003808       @StartExe
 0001:00000358       @strlen
 0001:00001D24       @TRUNC
 0001:000035A8       @TryFinallyExit
 0001:00003FA4       @UniqueStringA
 0001:00004C78       @ValInt64
 0001:0000258C       @ValLong
 0001:000049A8       @VarCast
 0001:00004998       @VarClear
 0001:00004A70       @VarClr
 0001:00004A54       @VarCmpEQ
 0001:000049A0       @VarCopy
 0001:00004A14       @VarFromBool
 0001:00004A2C       @VarFromCurr
 0001:00004A4C       @VarFromDisp
 0001:000049F8       @VarFromInt
 0001:00004A00       @VarFromInt64
 0001:00004A44       @VarFromIntf
 0001:00004A34       @VarFromLStr
 0001:00004A1C       @VarFromReal
 0001:00004A24       @VarFromTDateTime
 0001:00004A3C       @VarFromWStr
 0001:00004A60       @VarNeg
 0001:00004A68       @VarNot
 0001:000049C0       @VarToBool
 0001:000049D0       @VarToCurr
 0001:000049F0       @VarToDisp
 0001:000049B0       @VarToInt
 0001:000049B8       @VarToInt64
 0001:000049E8       @VarToIntf
 0001:000049D8       @VarToLStr
 0001:000049C8       @VarToReal
 0001:000049E0       @VarToWStr
 0001:00004168       @Write0LString
 0001:0000269C       @WriteBytes
 0001:0000276C       @WriteLn
 0001:00004170       @WriteLString
 0001:000026F0       @WriteSpaces
 0001:000041D8       @WStrArrayClr
 0001:000041FC       @WStrAsg
 0001:00004338       @WStrCat
 0001:000041C0       @WStrClr
 0001:00004398       @WStrCmp
 0001:0000441C       @WStrCopy
 0001:0000430C       @WStrFromLStr
 0001:00004220       @WStrFromPCharLen
 0001:000042D0       @WStrFromPWChar
 0001:000042AC       @WStrFromPWCharLen
 0001:0000432C       @WStrLen
 0001:00004468       @WStrSetLength
 0001:0000431C       @WStrToPWChar
 0001:000027C0       @_CLenToPasStr
 0001:000027B4       @_CToPasStr
 0001:000018D4       @_IOTest
 0001:00004AA4       @_lldiv
 0001:00004B6C       @_llmod
 0001:00004A80       @_llmul
 0001:00004C38       @_llshl
 0001:00004B20       @_lludiv
 0001:00004BE8       @_llumod
 0001:00004C58       @_llushr
 0001:0003110C       AbortProc
 0002:000051E4       AboutForm
 0001:000B27C4       AboutForms
 0001:0004AE84       AbsMin
 0001:0000C650       AbstractErrorHandler
 0002:0000302C       AbstractErrorProc
 0002:0000014C       AccessMode
 0001:0000183C       AcquireExceptionObject
 0001:000B48D4       Activate
 0001:0001B5B0       ActivateClassGroup
 0001:00006620       ActivateKeyboardLayout
 0002:00003C30       ActiveDrag
 0001:00019008       ActiveX
 0001:0005A100       ActnList
 0002:000051A8       actual_code
 0001:00000484       AddBlockAfter
 0001:0004314C       AddControl
 0002:000005D0       AddDataModule
 0001:00007DCC       AddExitProc
 0001:0001F8DC       AddFinished
 0001:0005D84C       AddIn
 0001:0004373C       AddItem
 0001:000056B8       AddModuleUnloadProc
 0001:000056C8       AddModuleUnloadProc
 0001:0001F914       AddNotFinished
 0001:000BDE8C       AddressInfo
 0001:000297F0       AdjustColor
 0001:00040624       AdjustColors
 0001:00042464       AdjustControlRect
 0001:000082E0       AdjustLineBreaks
 0001:0008C4C4       AdjustLineBreaks
 0001:00065904       Adjustment
 0001:00006628       AdjustWindowRectEx
 0002:00000A3C       Alignments
 0002:00000AC8       Alignments
 0002:00000E1C       Alignments
 0002:00000E2C       Alignments
 0002:000009C4       Alignments
 0002:00000A4C       Alignments
 0002:00000A04       Alignments
 0002:000010B0       AlignStyles
 0001:00050698       AlignWork
 0001:0006CAD8       AlignWork
 0001:000256F8       AllocateHWnd
 0001:00045A38       AllocFilterStr
 0001:00007D80       AllocMem
 0002:000035B4       AllocMemCount
 0002:000035B8       AllocMemSize
 0001:0002EA04       AllocPatternBitmap
 0001:00005E54       AllocTlsBuffer
 0001:00022E94       AncestorValid
 0002:00000C08       AnchorAlign
 0002:00000BFC       AnimateWindowProc
 0002:00000D04       AnimationStyle
 0001:0000CF30       AnsiCompareFileName
 0001:00007FAC       AnsiCompareStr
 0001:00007FFC       AnsiCompareText
 0001:000081E0       AnsiExtractQuotedStr
 0001:00008ADC       AnsiLastChar
 0001:00006630       AnsiLower
 0001:00007F78       AnsiLowerCase
 0001:0000CFB0       AnsiLowerCaseFileName
 0001:0000CEF8       AnsiPos
 0001:000080BC       AnsiQuotedStr
 0001:00061F30       AnsiSameCaption
 0001:00007FE4       AnsiSameStr
 0001:00008034       AnsiSameText
 0001:00047064       AnsiStartsStr
 0001:0000804C       AnsiStrLIComp
 0001:0000D03C       AnsiStrPos
 0001:0000D0DC       AnsiStrRScan
 0001:0000D104       AnsiStrScan
 0001:00005CB0       AnsiToUtf8
 0001:00007F44       AnsiUpperCase
 0001:00014B5C       AnyOp
 0001:00013F88       AnyToIntf
 0002:000051CC       app
 0002:000051C4       AppDir
 0001:0000A534       AppendChars
 0001:0000A8F8       AppendFormat
 0001:0000A598       AppendNumber
 0001:0000A578       AppendString
 0002:00003C8C       Application
 0002:000005E0       ApplicationHandleException
 0002:000005E8       ApplicationShowException
 0002:00000F6C       AppVisible
 0002:000011A4       Arrangements
 0001:0000C634       AssertErrorHandler
 0002:00003024       AssertErrorProc
 0001:00018638       AssignLongStr
 0001:00018CB4       AssignVariant
 0002:000011AC       AutoArrange
 0002:00001144       AutoExpandStyles
 0002:00003608       avail
 0002:00004ED4       b
 0001:00009028       BackfillGetDiskFreeSpaceEx
 0001:0004DA28       BackgroundClipped
 0001:0000E6C0       BackupVarBoolFromStr
 0001:0000E820       BackupVarBStrFromBool
 0001:0000E740       BackupVarBStrFromCy
 0001:0000E7B0       BackupVarBStrFromDate
 0001:0000E654       BackupVarCyFromStr
 0001:0000E5E8       BackupVarDateFromStr
 0001:0000E4A4       BackupVarI4FromStr
 0001:0000E450       BackupVariantChangeTypeEx
 0001:0000E510       BackupVarR4FromStr
 0001:0000E57C       BackupVarR8FromStr
 0002:000012B4       BandBorderStyles
 0002:000051C8       bar
 0002:00000444       BaseTypeMap
 0001:0000CB10       Beep
 0001:00006638       BeginDeferWindowPos
 0001:0001B984       BeginGlobalLoading
 0001:00006640       BeginPaint
 0001:000297FC       BetterSize
 0001:0003FF40       BevelLine
 0001:0003FE50       BevelRect
 0001:0005E630       BiDiDraw
 0001:000243E4       BinToHex
 0001:00006398       BitBlt
 0002:00000FD8       BitBtnCaptions
 0002:00003CD4       BitBtnGlyphs
 0002:00001004       BitBtnModalResults
 0002:00000FAC       BitBtnResNames
 0002:0000096C       BitmapCanvasList
 0002:00003AA0       BitmapImageLock
 0001:0000E48C       BiUnimplemented
 0002:00000688       BlockCode
 0002:000035E0       blockDescBlockList
 0002:000035E4       blockDescFreeList
 0001:000020F8       BlockIO
 0002:000005B4       BooleanIdents
 0002:00000440       BooleanToStringRule
 0001:00008748       BoolToStr
 0001:00013044       BoolToWStrViaOS
 0002:00001FE4       border
 0002:000012D4       BorderStyles
 0002:00001184       BorderStyles
 0002:00000AC0       BorderStyles
 0002:00000EA8       BorderStyles
 0002:000010FC       BorderStyles
 0002:000009BC       BorderStyles
 0001:00006028       Bounds
 0001:0001A898       Bounds
 0002:00000DC4       Breaks
 0002:000012DC       BreakStyles
 0002:00003AD8       BrushManager
 0001:00060D40       BuildImage
 0002:00000BA4       ButtonCaptions
 0002:00001034       ButtonCount
 0002:00000B78       ButtonNames
 0002:00001304       ButtonPos
 0001:0007655C       Buttons
 0002:00000E40       Buttons
 0002:0000126C       ButtonStates
 0002:00001114       ButtonStyles
 0002:0000127C       ButtonStyles
 0002:00000A34       ButtonStyles
 0002:00003BA4       ButtonWidths
 0001:00028FDC       BytesPerScanline
 0001:00029334       ByteSwapColors
 0001:0000CBF4       ByteToCharIndex
 0001:0000CBCC       ByteToCharLen
 0001:0000CB90       ByteType
 0001:0000CB18       ByteTypeTest
 0001:000A5A84       bzBuffToBuffCompress
 0001:000A5B64       bzBuffToBuffDecompress
 0001:000A4B90       bzCompress
 0001:000A4CEC       bzCompressEnd
 0001:000A45B4       bzCompressInit
 0001:000A58E8       bzDecompress
 0001:000A59FC       bzDecompressEnd
 0001:000A4D6C       bzDecompressInit
 0001:000A5C74       BZip2
 0001:0009F3A0       bzip2AllocMem
 0001:0009F3B0       bzip2FreeMem
 0002:000010F4       cAddMode
 0001:00025634       CalcJmpOffset
 0001:00071DEC       CalcMod
 0001:000A68B0       CalcRatio
 0001:000978B8       CalcSize
 0001:000580F0       CalcSplitterPos
 0001:00006648       CallNextHookEx
 0001:0000D904       CallTerminateProcs
 0001:00006650       CallWindowProc
 0001:0004BEA4       CancelDrag
 0002:00003C44       CanvasList
 0002:00003ADC       CanvasList
 0002:00000B50       Captions
 0002:00000CC0       CaptureControl
 0002:00000D64       cBooleanToItemAutoFlag
 0002:000004D8       CBooleanToRelationship
 0001:0009F3C0       CCheck
 0001:00006044       CenterPoint
 0002:00001230       CenterStyles
 0001:00045348       CenterWindow
 0002:00003BD2       CF_COMPONENT
 0002:00003BD0       CF_PICTURE
 0002:000038C8       ChangeAnyProc
 0001:0004A45C       ChangeBiDiModeAlignment
 0001:00008B5C       ChangeFileExt
 0002:000009E4       CharCases
 0001:00003BBC       CharFromWChar
 0001:0000CDC8       CharLength
 0001:00006658       CharLowerBuff
 0001:000002C0       CharNext
 0001:00006660       CharNext
 0001:000276A0       CharsetToIdent
 0001:0000CCDC       CharToByteIndex
 0001:0000CD40       CharToByteLen
 0001:00006668       CharUpperBuff
 0001:00001924       ChDir
 0001:00001910       ChDir
 0001:00029DC4       CheckBool
 0001:000830B8       CheckCommonControl
 0001:000ABAD0       checkIfVersion
 0001:0000318C       CheckJmp
 0001:00006670       CheckMenuItem
 0002:00000DB4       Checks
 0001:00024478       CheckSynchronize
 0001:00065320       CheckTaskWindow
 0001:000157E0       CheckType
 0001:00014BE8       CheckType
 0001:0004BB58       CheckUndock
 0001:0000CAF0       CheckWin32Version
 0001:000AB404       ChfUnzip_Init
 0001:00006678       ChildWindowFromPoint
 0002:0000045C       CInvalidCustomVariantType
 0002:00000D68       cItemAutoFlagToBoolean
 0002:00000D60       cItemAutoFlagToMenu
 0001:0002587C       Classes
 0001:0001B340       ClassNotFound
 0001:000AC4D4       cleanup
 0002:000038C4       ClearAnyProc
 0001:00026F30       ClearColor
 0001:000A5DF0       ClearDirRec
 0001:000715C0       ClearExcepInfo
 0001:000A9254       ClearLeafNodes
 0001:000BDE04       ClearModules
 0001:0001799C       ClearVariantTypeList
 0001:00006680       ClientToScreen
 0001:00055694       ClientToWindow
 0002:00000964       ClipboardFormats
 0001:0004700C       Clipbrd
 0001:00006688       CloseClipboard
 0001:00000250       CloseHandle
 0001:000060C0       CloseHandle
 0001:00030FA8       ClosePrinter
 0001:000AA3FC       CloseZipFile
 0002:00000AB0       CLSID_ShellLink
 0002:00003040       CmdLine
 0002:0000303C       CmdShow
 0002:00000D5C       cMenuAutoFlagToItem
 0002:000004E4       CmpTypeMap
 0001:0000E498       CmpUnimplemented
 0002:00000F84       CoAddRefServerProcess
 0001:00018FB4       CoCreateInstance
 0002:00000F7C       CoCreateInstanceEx
 0002:00001174       Codes
 0002:00001200       Codes
 0002:00000F94       CoInitFlags
 0001:00018FA4       CoInitialize
 0002:00000F80       CoInitializeEx
 0001:0001BC40       CollectionsEqual
 0002:000006E4       Colors
 0001:00027498       ColorToIdent
 0001:00027488       ColorToRGB
 0002:000011D4       ColumnClicks
 0001:000063A0       CombineRgn
 0002:0000130C       ComboBoxExStyles
 0002:00001318       ComboExStyles
 0002:00003CBC       ComClassManagerVar
 0001:00070A38       ComConst
 0002:00003AF0       ComCtl32DLL
 0002:00003D34       ComCtlVersion
 0001:0009DC24       ComCtrls
 0002:00003C88       CommandPool
 0001:0002F748       CommCtrl
 0001:0003BAD0       CommDlg
 0001:00000764       Commit
 0002:00003624       committedRoot
 0002:00001248       CommonAVIId
 0001:00071888       ComObj
 0001:0005CE30       CompareFront
 0001:00007EAC       CompareMem
 0001:00007E7C       CompareStr
 0001:000060C8       CompareString
 0001:00007ECC       CompareText
 0001:00008670       CompareWith
 0001:000202FC       ComponentCreated
 0002:00005174       compsize
 0001:00029B94       ComputeAldusChecksum
 0001:00077138       ComStrs
 0001:00025C30       Consts
 0001:0002EF04       Contnrs
 0002:00003C02       ControlAtom
 0002:00003C08       ControlAtomString
 0001:0006A408       ControlHasHelp
 0001:00058D8C       Controls
 0002:00001094       ConversionFormatList
 0002:00000614       Convert
 0002:00000604       Convert
 0001:0000C058       ConvertAddr
 0001:0000A688       ConvertEraString
 0001:00007D44       ConvertError
 0001:00007D5C       ConvertErrorFmt
 0001:000917B0       ConvertFlags
 0001:00091620       ConvertMask
 0001:000A68F0       ConvertPath
 0001:000ABEB4       ConvertSlashes
 0001:000917D4       ConvertStates
 0001:0000A7F0       ConvertYearString
 0001:00004EAC       CopyArray
 0001:0002BF30       CopyBitmap
 0001:0002C5F8       CopyBitmapAsMask
 0001:000063A8       CopyEnhMetaFile
 0001:000060D0       CopyFile
 0001:0007637C       CopyImage
 0001:00075AE4       CopyImage
 0001:0002C594       CopyPalette
 0001:000A7EC0       copystored
 0001:0005FDEC       CopyToBest
 0002:00000F88       CoReleaseServerProcess
 0002:00000F8C       CoResumeClassObjects
 0002:00000F90       CoSuspendClassObjects
 0001:00018FAC       CoUninitialize
 0001:0000CC4C       CountChars
 0002:00003AB8       CounterLock
 0002:000020B4       cpdext
 0002:00002078       cpdist
 0002:00002270       cpdist4
 0002:000022F0       cpdist8
 0002:000020F0       cplen2
 0002:00002170       cplen3
 0002:00001FF8       cplens
 0002:00002038       cplext
 0002:00000460       CRangeToType
 0002:00002370       CRC32Table
 0002:00005190       crc32val
 0001:0000C578       CreateAssertException
 0001:0000C700       CreateAVObject
 0001:000063B0       CreateBitmap
 0001:000063B8       CreateBrushIndirect
 0001:00070D98       CreateComObject
 0001:000063C0       CreateCompatibleBitmap
 0001:000063C8       CreateCompatibleDC
 0001:0002037C       CreateComponent
 0001:000063D0       CreateDC
 0001:000ABF30       CreateDevPackageFile
 0001:000063E0       CreateDIBitmap
 0001:000063D8       CreateDIBSection
 0001:000002D8       CreateDirectory
 0001:000060D8       CreateDirectory
 0001:000423BC       CreateDockPos
 0001:000060E0       CreateEvent
 0001:000060E8       CreateFile
 0001:00000258       CreateFileA
 0001:000063E8       CreateFontIndirect
 0001:000063F0       CreateHalftonePalette
 0001:000063F8       CreateIC
 0001:00006690       CreateIcon
 0001:0000C4A4       CreateInOutError
 0001:00006698       CreateMenu
 0001:00046734       CreateMessageDialog
 0001:00006400       CreatePalette
 0001:00006408       CreatePen
 0001:00006410       CreatePenIndirect
 0001:000066A0       CreatePopupMenu
 0001:00006418       CreateRectRgn
 0001:000945B0       CreateResStream
 0001:00071B70       CreateShortcut
 0001:00006420       CreateSolidBrush
 0001:0002938C       CreateSystemPalette
 0001:000060F0       CreateThread
 0001:00006C8C       CreateWindow
 0001:000066A8       CreateWindowEx
 0002:00000C00       CreationControl
 0002:00000AEC       CreationControl
 0002:000005A0       CRelationshipToBoolean
 0002:00000424       CResult
 0002:00000AA0       CSHREDRAW
 0002:00000144       cSimpleBoolStrs
 0002:0000054C       CText
 0002:00000CFC       Ctl3DStyles
 0002:00001064       Ctl3DStyles
 0002:00000548       CTruth
 0002:0000361C       curAlloc
 0001:000158A4       CurrCompare
 0002:0000373C       CurrencyDecimals
 0002:00003738       CurrencyFormat
 0002:00003734       CurrencyString
 0001:0000A520       CurrentYear
 0001:0000A04C       CurrToStr
 0001:00012FDC       CurrToWStrViaOS
 0002:00000EE4       CursorMap
 0002:00000C10       Cursors
 0001:0004A758       CursorToIdent
 0002:00000ED4       cUseAlpha
 0002:00000EDC       cUseColorKey
 0002:000012A8       CustomizeStyles
 0002:0000031C       CVarTypeToElementInfo
 0002:00000184       CWNear
 0002:00000AA8       Data
 0001:0001587C       DateCompare
 0001:00014CAC       DateOp
 0002:0000373D       DateSeparator
 0001:0000B114       DateTimeToStr
 0001:0000B088       DateTimeToString
 0001:0000A148       DateTimeToTimeStamp
 0001:0000B0E4       DateToStr
 0001:00013010       DateToWStrViaOS
 0001:0000A4F8       DayOfWeek
 0002:00001FBC       dbits
 0001:0009F408       DCheck
 0002:00000180       DCon10
 0002:000006E0       DDBsOnly
 0001:000257AC       DeallocateHWnd
 0002:00000018       DebugHook
 0002:0000373B       DecimalSeparator
 0001:0001727C       DecIndices
 0001:0000A4D8       DecodeDate
 0001:0000A38C       DecodeDateFully
 0001:0000A1FC       DecodeTime
 0001:000007F8       Decommit
 0001:00000E14       DecommitFree
 0002:000035F8       decommittedRoot
 0001:0006D6CC       Default
 0001:0006815C       Default
 0002:00000010       Default8087CW
 0002:00000C04       DefaultDockTreeClass
 0002:00000AD8       DefaultInsets
 0001:00090080       DefaultListViewSort
 0002:00000024       DefaultTextLineBreakStyle
 0001:000865D8       DefaultTreeViewSort
 0002:00000934       DefBrushData
 0001:000066C8       DeferWindowPos
 0002:000006B4       DefFontData
 0001:000066B0       DefFrameProc
 0002:00000210       DefLongDayNames
 0002:000001C4       DefLongMonthNames
 0001:000066B8       DefMDIChildProc
 0002:00000914       DefPenData
 0002:000001F4       DefShortDayNames
 0002:00000194       DefShortMonthNames
 0001:000066C0       DefWindowProc
 0001:0000520C       DelayLoadResourceModule
 0001:000004B4       DeleteBlock
 0001:000060F8       DeleteCriticalSection
 0001:00000424       DeleteCriticalSection
 0001:00006428       DeleteDC
 0001:00006430       DeleteEnhMetaFile
 0001:00006100       DeleteFile
 0001:00008AC4       DeleteFile
 0001:00000260       DeleteFileA
 0001:00000C5C       DeleteFree
 0001:000066D0       DeleteMenu
 0001:00006438       DeleteObject
 0001:0002BAEC       DeselectBitmap
 0001:000066D8       DestroyCursor
 0001:000066E0       DestroyIcon
 0001:0007648C       DestroyLocals
 0001:000066E8       DestroyMenu
 0001:000066F0       DestroyWindow
 0002:000051D4       DetailsForm
 0001:000B1C18       DetailsForms
 0001:000B1A10       devTabs
 0001:00047C24       DialogEnumerationTester
 0001:000453FC       DialogHook
 0001:00046FA4       Dialogs
 0002:00000970       DIBPalSizes
 0002:000000A0       dig
 0001:000B88D8       DimBitmap
 0002:000011EC       Directions
 0001:0000892C       DirectoryExists
 0001:000A6AB0       DirectoryExists
 0001:00065174       DisableTaskWindows
 0001:00070FD4       DispatchInvoke
 0001:000715B4       DispatchInvokeError
 0001:000066F8       DispatchMessage
 0001:0006B670       DispatchShortCut
 0001:000715D0       DispCall
 0001:000716B4       DispCallByID
 0002:00003000       DispCallByIDProc
 0001:000714E0       DispCallError
 0001:00007D28       DivMod
 0002:00004EC8       dlghandle
 0002:00004ECC       dlgnotify
 0001:00044CA0       Dlgs
 0001:0006C98C       DoAlign
 0001:00050528       DoAlign
 0001:000544C8       DoCalcConstraints
 0002:00003C38       DockSiteList
 0001:00060A0C       DoClick
 0001:00051BB0       DoControlMsg
 0001:00030FB0       DocumentProperties
 0001:00065124       DoDisableWindow
 0001:0004B484       DoDragOver
 0001:00007DA0       DoExitProc
 0001:000563C4       DoFindControlZone
 0001:00065260       DoFindWindow
 0001:00056950       DoFindZone
 0001:00056448       DoForEach
 0001:00057D54       DoGetNextLimit
 0001:000650EC       DoneApplication
 0001:000B45C4       DoneControls
 0001:00058AB4       DoneControls
 0001:0000CA2C       DoneExceptions
 0001:00069A64       DoNestedActivation
 0001:000500E8       DoPosition
 0001:0006C7DC       DoPosition
 0001:0005737C       DoPrune
 0001:0003F494       DoRect
 0001:00057854       DoSaveZone
 0001:00006108       DosDateTimeToFileTime
 0001:00057A58       DoSetNewBounds
 0002:000005BC       DotSep
 0002:00001288       DownMessage
 0002:00001038       DownStyles
 0001:0002A01C       DoWrite
 0001:0005B594       DoWrite
 0001:0001D4C0       DoWrite
 0001:0002AC3C       DoWrite
 0001:00051220       DoWriteDesignSize
 0001:0004EBAC       DoWriteIsControl
 0002:00003C1C       DragCapture
 0002:00003C10       DragControl
 0001:0004BBCC       DragDone
 0001:0004B434       DragFindTarget
 0001:0004B408       DragFindWindow
 0002:00003C34       DragImageList
 0001:0004B824       DragInit
 0001:0004B994       DragInitControl
 0002:00003C18       DragInternalObject
 0001:0004B368       DragMessage
 0002:00003C14       DragObject
 0002:00003C40       DragSave
 0002:00003C28       DragSaveCursor
 0002:00003C20       DragStartPos
 0002:0000112C       DragStyles
 0002:00003C2C       DragThreshold
 0001:0004B554       DragTo
 0001:0006D708       DrawAppIcon
 0001:000B8A04       DrawArrow
 0001:000B89AC       DrawArrow
 0001:000B8B98       DrawBitmapShadow
 0001:000B6460       DrawBorder
 0001:000B8C2C       DrawCheckMark
 0001:00056EE8       DrawCloseButton
 0001:00006700       DrawEdge
 0001:00006708       DrawFocusRect
 0001:00006710       DrawFrameControl
 0001:00043C90       DrawGrabber
 0001:00056F40       DrawGrabberLine
 0001:00006718       DrawIcon
 0001:00006720       DrawIconEx
 0002:00000D38       DrawingStyles
 0001:00006728       DrawMenuBar
 0001:00061D4C       DrawMenuItem
 0001:000B63F4       DrawRect
 0001:00006730       DrawText
 0001:00006738       DrawTextEx
 0001:000BB904       DrawUpDownButton
 0001:000AAA9C       DummyReport
 0001:000A6F84       DUMPBITS
 0001:00028E5C       DupBits
 0001:00017228       DynArrayBounds
 0001:00004EC4       DynArrayClear
 0001:000171A0       DynArrayDim
 0001:00017184       DynArrayElTypeInfo
 0001:000176A8       DynArrayFromVariant
 0001:00017144       DynArrayIndex
 0001:00004ECC       DynArraySetLength
 0001:000171B8       DynArraySize
 0001:00017388       DynArrayToVariant
 0001:000172E8       DynArrayVariantBounds
 0001:00017340       DynArrayVarType
 0002:00000E24       EdgeStyle
 0002:00000CEC       EdgeStyles
 0002:0000118C       EditStyles
 0002:0000111C       EditStyles
 0001:0000C478       EHeapException.FreeInstance
 0001:00006440       Ellipse
 0002:0000115C       Empty
 0002:00000A00       Empty
 0001:00006740       EmptyClipboard
 0001:000156E4       EmptyCompare
 0001:0001509C       EmptyOp
 0002:000038B0       EmptyParam
 0002:000000C8       EmptyStr
 0002:000000CC       EmptyWideStr
 0001:00006748       EnableMenuItem
 0002:00000DBC       Enables
 0001:00006750       EnableScrollBar
 0001:00065228       EnableTaskWindows
 0001:00006758       EnableWindow
 0001:0000A35C       EncodeDate
 0001:00006760       EndDeferWindowPos
 0001:00006448       EndDoc
 0001:0001BA0C       EndGlobalLoading
 0001:00006450       EndPage
 0001:00006768       EndPaint
 0001:00000414       EnterCriticalSection
 0001:00006110       EnterCriticalSection
 0001:00006118       EnumCalendarInfoA
 0002:00003B14       EnumDisplayMonitors
 0001:0000BCCC       EnumEraNames
 0001:0000BD08       EnumEraYearOffsets
 0001:00068658       EnumMonitorsProc
 0001:00030FB8       EnumPrinters
 0001:00006770       EnumThreadWindows
 0001:00006778       EnumWindows
 0001:00070CCC       EOleException.Create
 0001:00070BFC       EOleSysError.Create
 0001:00006780       EqualRect
 0002:00003804       EraNames
 0001:0000B38C       EraToYear
 0002:00003820       EraYearOffsets
 0002:00000098       errCaption
 0001:000018C8       Error
 0001:0005CB80       Error
 0001:0001F468       Error
 0001:0001AF04       Error
 0002:00000004       ErrorAddr
 0001:0000187C       ErrorAt
 0001:0000C524       ErrorHandler
 0002:0000022C       ErrorMap
 0002:00003008       ErrorProc
 0002:000033E8       ErrOutput
 0001:0000181C       ExceptAddr
 0002:0000300C       ExceptClsProc
 0001:0000C998       ExceptHandler
 0001:0000C2A4       Exception.Create
 0001:0000C2E0       Exception.CreateFmt
 0001:0000C430       Exception.CreateHelp
 0001:0000C360       Exception.CreateRes
 0001:0000C39C       Exception.CreateResFmt
 0002:0000301C       ExceptionClass
 0001:0000C064       ExceptionErrorMessage
 0001:000C001C       ExceptionsAnalyzer
 0002:00000264       ExceptMap
 0001:000017FC       ExceptObject
 0002:00003010       ExceptObjProc
 0002:00003004       ExceptProc
 0001:00006458       ExcludeClipRect
 0002:00000000       ExitCode
 0001:000038F0       ExitDll
 0002:00003048       ExitProc
 0001:000002C8       ExitProcess
 0002:00003028       ExitProcessProc
 0002:00000140       ExitProcList
 0001:00006788       ExitWindowsEx
 0001:00008DAC       ExpandFileName
 0001:000A8DE8       explode
 0001:000A838C       explode_lit4
 0001:000A7FE0       explode_lit8
 0001:000A8A90       explode_nolit4
 0001:000A8738       explode_nolit8
 0001:000456D4       ExplorerHook
 0001:0007729C       ExtActns
 0001:00044C4C       ExtCtrls
 0001:00077170       ExtDlgs
 0002:00000A80       ExtendSelects
 0002:000021F0       extra
 0001:000B0C90       ExtractCaption
 0001:00008C24       ExtractFileDir
 0001:00008C98       ExtractFileDrive
 0001:00008D64       ExtractFileExt
 0001:00045D4C       ExtractFileName
 0001:00008D2C       ExtractFileName
 0001:00045D94       ExtractFileNames
 0001:00008BF0       ExtractFilePath
 0001:00008DE8       ExtractFilePathNoDrive
 0002:00003D74       ExtractionProgress
 0001:000A6858       ExtractionProgressDialog
 0001:000A5E88       ExtractNumber
 0001:000A5F08       ExtractNumber
 0001:000A5FB0       ExtractNumber64
 0001:00008E74       ExtractRelativePath
 0001:000A5E74       ExtractText
 0001:00006460       ExtTextOut
 0002:00003840       FalseBoolStrs
 0002:00003BD8       FClipboard
 0002:00000174       FCon1E18
 0002:00005204       fEmail
 0001:000310C0       FetchStr
 0002:0000521C       fFuncs
 0001:000088B4       FileAge
 0001:000088AC       FileClose
 0001:000087F0       FileCreate
 0001:00008814       FileCreate
 0001:0000891C       FileExists
 0002:00000968       FileFormats
 0002:0000000C       FileMode
 0001:00001E04       FileNOPProc
 0001:00008794       FileOpen
 0001:0000881C       FileRead
 0002:000005F8       FilerSignature
 0001:00008874       FileSeek
 0001:000089A8       FileSetAttr
 0001:00008950       FileSetDate
 0001:000718E0       FilesFromWildcard
 0001:00006120       FileTimeToDosDateTime
 0001:00006128       FileTimeToLocalFileTime
 0002:00001F8C       FILETYPE_NAME
 0001:000AAAA4       FileUnzip
 0001:00008848       FileWrite
 0001:00000D44       FillAfterGap
 0001:00000CF0       FillBeforeGap
 0001:00000DDC       FillerSizeAfterGap
 0001:00000D6C       FillerSizeBeforeGap
 0001:000A9E70       FillOutRec
 0001:00006790       FillRect
 0002:00001040       FillStyles
 0001:000A9E4C       Fill_Array
 0001:000A6D5C       FinalCRC32
 0001:00046F48       Finalization
 0001:0005BC1C       Finalization
 0001:00046FD0       Finalization
 0001:0006202C       Finalization
 0001:000470C8       Finalization
 0001:00044C70       Finalization
 0001:00044C1C       Finalization
 0001:00007130       Finalization
 0001:00006DF0       Finalization
 0001:00006DB8       Finalization
 0001:0006F930       Finalization
 0001:00070998       Finalization
 0001:0003BAA0       Finalization
 0001:0003BA60       Finalization
 0001:00070A08       Finalization
 0001:0003BA18       Finalization
 0001:00071808       Finalization
 0001:0003B9E0       Finalization
 0001:00071F7C       Finalization
 0001:00073258       Finalization
 0001:0003B9A8       Finalization
 0001:00076524       Finalization
 0001:00076584       Finalization
 0001:00077050       Finalization
 0001:00077108       Finalization
 0001:00077140       Finalization
 0001:00077190       Finalization
 0001:000771F4       Finalization
 0001:0007724C       Finalization
 0001:00078D64       Finalization
 0001:0003B970       Finalization
 0001:0003B930       Finalization
 0001:00047230       Finalization
 0001:00032260       Finalization
 0001:00031F3C       Finalization
 0001:00030FC8       Finalization
 0001:00030F60       Finalization
 0001:0002FED8       Finalization
 0001:0005A0D0       Finalization
 0001:00058D24       Finalization
 0001:0002FE98       Finalization
 0001:0002F718       Finalization
 0001:0002EED4       Finalization
 0001:0002EA3C       Finalization
 0001:00047E54       Finalization
 0001:0009DBAC       Finalization
 0001:00017DEC       Finalization
 0001:0001816C       Finalization
 0001:0000ED88       Finalization
 0001:0009E87C       Finalization
 0001:00006070       Finalization
 0001:0009F0A0       Finalization
 0001:0009F0D8       Finalization
 0001:00005F3C       Finalization
 0001:00005D58       Finalization
 0001:00018F18       Finalization
 0001:000A5C44       Finalization
 0001:000A6608       Finalization
 0001:0000E228       Finalization
 0001:000A6828       Finalization
 0001:000A6918       Finalization
 0001:00018FD8       Finalization
 0001:00025C00       Finalization
 0001:000AB430       Finalization
 0001:000257D4       Finalization
 0001:000AE578       Finalization
 0001:000B19E0       Finalization
 0001:000B1BE8       Finalization
 0001:000B240C       Finalization
 0001:000B2794       Finalization
 0001:000B3DE0       Finalization
 0001:000BCD1C       Finalization
 0001:000BFFB4       Finalization
 0001:000C0170       Finalization
 0001:0002EC1C       Finalization
 0001:00004EBC       FinalizeArray
 0001:00003748       FinalizeUnits
 0001:000607CC       Find
 0001:00022604       FindAncestor
 0001:0000527C       FindBS
 0001:00099128       FindButton
 0001:0001B400       FindClass
 0001:00005204       FindClassHInstance
 0001:00008AA8       FindClose
 0001:00006130       FindClose
 0001:000002E0       FindClose
 0001:00000CC0       FindCommitted
 0001:0004A558       FindControl
 0001:0009A078       FindControl
 0001:00056B7C       FindControlAtPos
 0001:00017C44       FindCustomVariantType
 0001:00017CFC       FindCustomVariantType
 0001:0004BEF0       FindDragTarget
 0001:0002052C       FindExistingComponent
 0001:00008A34       FindFirst
 0001:00006138       FindFirstFile
 0001:000002E8       FindFirstFile
 0001:0001B89C       FindGlobalComponent
 0001:0006536C       FindGlobalComponent
 0002:00003A54       FindGlobalComponentProcs
 0001:000051DC       FindHInstance
 0001:0001B744       FindIdentToInt
 0001:0001B6C8       FindIntToIdent
 0001:000089D0       FindMatchingFile
 0002:00003BA0       FindMsg
 0001:0001F814       FindNestedComponent
 0001:00008A84       FindNext
 0001:00006140       FindNextFile
 0001:0005CB48       FindPopupControl
 0001:0000EA50       FindProc
 0001:00006148       FindResource
 0001:00005254       FindResourceHInstance
 0001:0006F198       FindScanline
 0001:0003B528       FindString
 0001:000652C4       FindTopMostWindow
 0001:0002139C       FindUniqueName
 0001:00016A8C       FindVarData
 0001:0004BEBC       FindVCLWindow
 0001:00006798       FindWindow
 0001:00047C7C       FindWinHelp
 0002:000012E4       FixedBmpStyles
 0002:000012EC       FixedSizeStyles
 0002:000012BC       FixedStyles
 0001:0002BEE4       FixupBitFields
 0002:00000E34       Flags
 0002:00003850       FLanguages
 0001:00032290       FlatSB
 0002:00003B40       FlatSB_EnableScrollBar
 0002:00003B4C       FlatSB_GetScrollInfo
 0002:00003B50       FlatSB_GetScrollPos
 0002:00003B48       FlatSB_GetScrollRange
 0002:00003B58       FlatSB_SetScrollInfo
 0002:00003B54       FlatSB_SetScrollPos
 0001:00031F80       FlatSB_SetScrollProp
 0002:00003B5C       FlatSB_SetScrollRange
 0002:00003B44       FlatSB_ShowScrollBar
 0002:00001298       FlatStyles
 0002:00005214       fLines
 0001:00009CDC       FloatToDecimal
 0001:0000A01C       FloatToStr
 0001:00009A04       FloatToText
 0001:000A6F94       flush
 0001:000020D0       Flush
 0002:00000188       FMSecsPerDay
 0001:00009900       FmtStr
 0002:00000E4C       FocusCount
 0002:00000E48       FocusMessages
 0002:00000884       FontCharsets
 0002:00003AD0       FontManager
 0002:00000AE8       ForceCurrentDirectory
 0001:00065340       ForegroundTask
 0001:000098EC       Format
 0002:00000190       Format
 0001:00009458       FormatBuf
 0001:0000944C       FormatClearStr
 0001:000093E0       FormatError
 0002:0000016C       FormatErrorStrs
 0001:00006150       FormatMessage
 0001:00009438       FormatVarToStr
 0001:0006F98C       Forms
 0001:00002880       FPower10
 0002:000009B8       FPrinter
 0001:0003F558       Frame3D
 0001:000067A0       FrameRect
 0001:0000DE08       FreeAndNil
 0001:00000A2C       FreeCommitted
 0001:00000F4C       FreeCurAlloc
 0001:0004BFB0       FreeDeviceContext
 0001:0004C06C       FreeDeviceContexts
 0001:0004243C       FreeDockPos
 0001:000255A0       FreeIntConstList
 0001:000002F0       FreeLibrary
 0001:00006158       FreeLibrary
 0001:0002BA40       FreeMemoryContexts
 0001:000256D4       FreeObjectInstance
 0001:00006160       FreeResource
 0001:000006AC       FreeSpace
 0001:0000D920       FreeTerminateProcs
 0002:0000520D       fReportComputerName
 0002:0000520C       fReportEXEversion
 0002:0000520E       fReportMachine
 0002:0000520F       fReportMemory
 0002:00005210       fReportStackTrace
 0002:00003D30       FRichEditModule
 0002:00005200       frmExceptionsAnalyzer
 0001:000A695C       FromOEM
 0001:000A6A10       FromOemP
 0002:00005208       fSubject
 0002:00005218       fUnits
 0001:000BE120       GatherSystemInfo
 0001:00028E4C       GDICheck
 0001:00028DA4       GDIError
 0001:00006168       GetACP
 0001:000067A8       GetActiveWindow
 0001:0006CE68       GetAnimation
 0001:000067B0       GetAsyncKeyState
 0001:00046094       GetAveCharSize
 0001:00073F04       GetBitBtnGlyph
 0001:00006468       GetBitmapBits
 0001:0000042C       GetBlockDesc
 0001:00006470       GetBrushOrgEx
 0001:000067B8       GetCapture
 0001:0004A800       GetCaptureControl
 0001:0001B3AC       GetClass
 0001:000067C0       GetClassInfo
 0001:000067C8       GetClassName
 0001:000067D0       GetClientRect
 0001:000067D8       GetClipboardData
 0001:0002A7E8       GetClipboardFormats
 0001:00006478       GetClipBox
 0001:000003C8       GetCmdShow
 0001:0005A320       GetColor
 0001:00083128       GetComCtlVersion
 0001:000002F8       GetCommandLine
 0001:00000878       GetCommitted
 0001:00000908       GetCommittedAt
 0001:0002344C       GetComponentValue
 0001:00006178       GetComputerName
 0001:00051764       GetControlAtPos
 0001:0000A5E4       GetCount
 0001:00006170       GetCPInfo
 0001:0000909C       GetCurrentDir
 0001:00000300       GetCurrentDirectory
 0001:00006480       GetCurrentPositionEx
 0001:00006180       GetCurrentProcess
 0001:00006188       GetCurrentProcessId
 0001:000003C0       GetCurrentThreadId
 0001:00006190       GetCurrentThreadId
 0001:00006BE4       GetCurrentTime
 0001:000067E0       GetCursor
 0001:0006F1A8       GetCursorHeightMargin
 0001:000067E8       GetCursorPos
 0001:0000A610       GetDate
 0001:00006198       GetDateFormat
 0001:0000B2A4       GetDateOrder
 0001:000067F0       GetDC
 0001:000067F8       GetDCEx
 0001:00006488       GetDCOrgEx
 0001:0002E64C       GetDefFontCharSet
 0001:0001CA70       GetDesigner
 0001:00006800       GetDesktopWindow
 0001:00071AC8       GetDevcppMenu
 0001:000064A0       GetDeviceCaps
 0001:00029DAC       GetDIB
 0001:00006490       GetDIBColorTable
 0001:00006498       GetDIBits
 0001:00029CF4       GetDIBSizes
 0001:00028FBC       GetDInColors
 0001:000061A0       GetDiskFreeSpaceA
 0002:0000013C       GetDiskFreeSpaceEx
 0001:0009C23C       GetDisplaySize
 0001:00006808       GetDlgItem
 0001:00057E34       GetDockAlign
 0001:0004B1AC       GetDockSiteAtPos
 0001:0004B4C0       GetDropCtl
 0001:00002EFC       GetDynaMethod
 0001:000064A8       GetEnhMetaFileBits
 0001:000064B0       GetEnhMetaFileHeader
 0001:000064B8       GetEnhMetaFilePaletteEntries
 0001:000181DC       GetEnumName
 0001:000182D0       GetEnumNameValue
 0001:0001831C       GetEnumValue
 0001:0000BD80       GetEraNamesAndYearOffsets
 0001:0000B338       GetEraYearOffset
 0001:00018FC4       GetErrorInfo
 0001:0000C6E8       GetExceptionClass
 0001:0000C8CC       GetExceptionObject
 0001:0001B334       GetFieldClassTable
 0001:000061A8       GetFileAttributes
 0001:0002A7C8       GetFileFormats
 0001:00000278       GetFileSize
 0001:00000268       GetFileType
 0001:00006380       GetFileVersionInfo
 0001:00006388       GetFileVersionInfoSize
 0001:000AA040       GetFirstInZip
 0001:000189A4       GetFloatProp
 0001:00006810       GetFocus
 0001:000276C0       GetFontData
 0001:00006818       GetForegroundWindow
 0001:0000D3A4       GetFormatSettings
 0001:000061B0       GetFullPathName
 0001:00026C2C       GetHashCode
 0001:000AA6C0       GetHeaderOffset
 0001:0006A440       GetHelpInfo
 0001:0003036C       GetHelpSystem
 0001:0006CC4C       GetHint
 0001:0006CC84       GetHintControl
 0001:00061ECC       GetHotkey
 0001:00006820       GetIconInfo
 0001:0007134C       GetIDsOfNames
 0001:00096AD4       GetImageBitmap
 0001:00018DC0       GetInt64Prop
 0001:00018E24       GetInterfaceProp
 0001:00006838       GetKeyboardLayout
 0001:00006840       GetKeyboardLayoutList
 0001:00006848       GetKeyboardState
 0001:00002B68       GetKeyboardType
 0001:00006828       GetKeyNameText
 0001:00006830       GetKeyState
 0001:00006850       GetLastActivePopup
 0001:000560FC       GetLastChildZone
 0001:000061B8       GetLastError
 0001:00000308       GetLastError
 0001:0008FCDC       GetLength
 0001:0000BB44       GetLocaleChar
 0001:00000310       GetLocaleInfo
 0001:000061C8       GetLocaleInfo
 0001:0000BAF8       GetLocaleStr
 0001:000061C0       GetLocalTime
 0001:0004A7BC       GetLongHint
 0001:0001864C       GetLongStrProp
 0001:00005930       GetMemory
 0001:00006858       GetMenu
 0001:0006A3C8       GetMenuHelpContext
 0001:00006860       GetMenuItemCount
 0001:00006868       GetMenuItemID
 0001:00006870       GetMenuItemInfo
 0001:00006878       GetMenuItemRect
 0001:0005F018       GetMenuSize
 0001:00006880       GetMenuState
 0001:00006888       GetMenuString
 0001:00006890       GetMessagePos
 0001:00018D48       GetMethodProp
 0001:00000318       GetModuleFileName
 0001:000061D0       GetModuleFileName
 0001:000061D8       GetModuleHandle
 0001:00000320       GetModuleHandle
 0001:00005E34       GetModuleHandle
 0002:00003B08       GetMonitorInfo
 0002:00003B0C       GetMonitorInfoA
 0002:00003B10       GetMonitorInfoW
 0001:0000BBA8       GetMonthDayNames
 0001:000AA3CC       GetNextInZip
 0001:00006898       GetNextWindow
 0001:000064C0       GetObject
 0001:0003BA98       GetOpenFileName
 0001:00018474       GetOrdProp
 0001:000064C8       GetPaletteEntries
 0001:00001B24       GetParamStr
 0001:000068A0       GetParent
 0001:00065558       GetParentForm
 0001:000064D0       GetPixel
 0001:000061E0       GetPrivateProfileString
 0001:000061E8       GetProcAddress
 0001:00000328       GetProcAddress
 0001:000061F0       GetProfileString
 0001:000068A8       GetProp
 0001:00018380       GetPropInfo
 0001:000183F0       GetPropInfos
 0001:00065A18       GetRealScrollPosition
 0001:0005A300       GetRGBColor
 0001:000064D8       GetRgnBox
 0001:000068B0       GetScrollInfo
 0001:000068B8       GetScrollPos
 0001:000068C0       GetScrollRange
 0001:000B85FC       GetShadeColor
 0001:000830E0       GetShellModule
 0001:0004A778       GetShortHint
 0001:00018544       GetShortStrProp
 0001:000185DC       GetShortStrPropAsLongStr
 0001:000005D0       GetSpace
 0001:00000634       GetSpaceAt
 0001:0005CBD8       GetSpecialName
 0001:00000330       GetStartupInfo
 0001:00000280       GetStdHandle
 0001:000061F8       GetStdHandle
 0001:000064E0       GetStockObject
 0001:00006200       GetStringTypeEx
 0001:0001877C       GetStrProp
 0001:000068C8       GetSubMenu
 0001:000A9620       GetSupportedMethods
 0001:000068D0       GetSysColor
 0001:00006208       GetSystemDirectory
 0001:00006210       GetSystemInfo
 0001:000068D8       GetSystemMenu
 0002:00003AF8       GetSystemMetrics
 0001:000068E0       GetSystemMetrics
 0001:000064E8       GetSystemPaletteEntries
 0001:00000270       GetSystemTime
 0001:00006218       GetTempPath
 0001:000064F8       GetTextExtentPoint
 0001:000064F0       GetTextExtentPoint32
 0001:00006500       GetTextMetrics
 0001:00006220       GetThreadLocale
 0001:00000338       GetThreadLocale
 0001:00006228       GetTickCount
 0001:0000A648       GetTime
 0001:00005E60       GetTlsSize
 0001:0006D43C       GetTopMostWindows
 0001:0004A908       GetTopParent
 0001:000068E8       GetTopWindow
 0001:000181D0       GetTypeData
 0001:000068F0       GetUpdateRect
 0001:00016DC0       GetVarArray
 0001:00016C7C       GetVarDataArrayInfo
 0001:00004970       GetVariantManager
 0001:00018CC8       GetVariantProp
 0001:00006230       GetVersion
 0001:00006238       GetVersionEx
 0001:00071E24       GetVersionString
 0001:000187E8       GetWideStrProp
 0001:000186CC       GetWideStrPropAsLongStr
 0001:000068F8       GetWindow
 0001:00006900       GetWindowDC
 0001:00006908       GetWindowLong
 0001:00006510       GetWindowOrgEx
 0001:00006910       GetWindowPlacement
 0001:00006918       GetWindowRect
 0001:00006920       GetWindowRgn
 0001:00006240       GetWindowsDirectory
 0001:00006928       GetWindowText
 0001:00006938       GetWindowThreadProcessId
 0001:00006930       GetWindowThreadProcessId
 0001:00006508       GetWinMetaFileBits
 0001:000ABB38       GetZipNameAndVersion
 0001:000A7F64       get_tree
 0001:00006248       GlobalAddAtom
 0001:00006250       GlobalAlloc
 0001:00006BF0       GlobalAllocPtr
 0001:00006258       GlobalDeleteAtom
 0001:00006260       GlobalFindAtom
 0002:00003A58       GlobalFixupList
 0001:0001F95C       GlobalFixupReferences
 0001:00006268       GlobalFree
 0001:00006C1C       GlobalFreePtr
 0001:00006278       GlobalHandle
 0001:00006270       GlobalLock
 0001:00006280       GlobalMemoryStatus
 0002:00003A40       GlobalNameSpace
 0001:00006288       GlobalReAlloc
 0001:00006C00       GlobalReAllocPtr
 0001:00006290       GlobalUnlock
 0002:00001030       GlyphCache
 0002:00003980       GOldVariantManager
 0001:0002EB10       Graphics
 0001:000B8814       GrayBitmap
 0001:000B87BC       GrayColor
 0002:000012F4       GripperStyles
 0002:000010E4       GripStyles
 0001:0001B55C       GroupDescendentsWith
 0002:000005C0       GUID_NULL
 0002:000038D4       GVariantManager
 0001:0000F8F8       HandleConversionException
 0001:00020BF4       HandleException
 0001:00036774       HasPopup
 0002:00000014       HeapAllocFlags
 0002:000035C4       heapErrorCode
 0002:000035C8       heapLock
 0002:000012C4       HeightStyles
 0001:00030FA0       HelpIntfs
 0002:00003B34       HelpManager
 0002:00003B9C       HelpMsg
 0002:00003BF0       HelpViewer
 0002:00000138       HexDisplayPrefix
 0001:00024420       HexToBin
 0002:00001160       HideScrollBars
 0002:000009F0       HideSelections
 0002:0000119C       HideSelections
 0002:00001124       HideSelections
 0002:00001168       HideSelections
 0001:00057EB0       HideZone
 0002:00003718       HInstance
 0002:00003CA0       HintDoneEvent
 0001:0006CD54       HintGetMsgHook
 0002:00003CA4       HintHook
 0001:0006CCF8       HintMouseThread
 0002:00003CA8       HintThread
 0002:00003C9C       HintThreadID
 0001:0006CCA4       HintTimerProc
 0002:00000E44       HintWindowClass
 0001:00006BE0       HiWord
 0001:0006CD98       HookHintHooks
 0002:0000114C       HotTrackStyles
 0002:00005194       hufttype
 0001:000A7064       huft_build
 0001:000A7044       huft_free
 0001:00006CC0       HwndMSWheel
 0002:00001218       IAlignment
 0002:00000DD8       IBreaks
 0002:00000DE4       IChecks
 0002:00000B64       IconIDs
 0002:00000DEC       IDefaults
 0001:000276B0       IdentToCharset
 0001:000274A8       IdentToColor
 0001:0004A768       IdentToCursor
 0001:0001B7C0       IdentToInt
 0002:00000DF4       IEnables
 0001:0005FDBC       IfHotkeyAvailable
 0001:0002EFC0       ImageList_Add
 0001:0002EFE0       ImageList_AddIcon
 0001:0002F010       ImageList_BeginDrag
 0001:0002EFA8       ImageList_Create
 0001:0002EFB0       ImageList_Destroy
 0001:0002F020       ImageList_DragEnter
 0001:0002F028       ImageList_DragLeave
 0001:0002F030       ImageList_DragMove
 0001:0002F040       ImageList_DragShowNolock
 0001:0002EFF0       ImageList_Draw
 0001:0002F000       ImageList_DrawEx
 0001:0002F018       ImageList_EndDrag
 0001:0002EFD8       ImageList_GetBkColor
 0001:0002F048       ImageList_GetDragImage
 0001:0002F060       ImageList_GetIconSize
 0001:0002EFB8       ImageList_GetImageCount
 0001:0002F050       ImageList_Read
 0001:0002F008       ImageList_Remove
 0001:0002EFF8       ImageList_Replace
 0001:0002EFC8       ImageList_ReplaceIcon
 0001:0002EFD0       ImageList_SetBkColor
 0001:0002F038       ImageList_SetDragCursorImage
 0001:0002F068       ImageList_SetIconSize
 0001:0002F058       ImageList_Write
 0002:00000D48       Images
 0001:0005BC4C       ImgList
 0001:0002FF08       Imm
 0002:00000D2C       IMM32DLL
 0001:00058AA0       Imm32IsIME
 0002:0000018C       IMSecsPerDay
 0001:0000F9E4       InBounds
 0001:0000FD80       InBounds
 0002:00003EC0       inbuf
 0001:0000CEB8       IncludeTrailingPathDelimiter
 0001:0000FA14       Increment
 0001:0000FDB0       Increment
 0001:0002EFEC       IndexToOverlayMask
 0001:0002F0B4       IndexToStateImageMask
 0002:00004EDC       infile
 0001:000A7E68       inflate
 0001:00006940       InflateRect
 0001:000A7E08       inflate_block
 0001:000A761C       inflate_codes
 0001:000A7A9C       inflate_dynamic
 0001:000A7980       inflate_fixed
 0001:000A78A8       inflate_stored
 0001:000709E0       IniFiles
 0001:00000AB8       InitAllocator
 0001:0002F750       InitAnApi
 0002:00003B20       InitApis
 0001:0002EF14       InitComCtl
 0001:0008308C       InitCommonControl
 0001:0002EF0C       InitCommonControls
 0001:0002EF74       InitCommonControlsEx
 0001:00071790       InitComObj
 0001:0001BA68       InitComponent
 0002:00003634       InitContext
 0001:00058B3C       InitControls
 0001:000B45A8       InitControls
 0001:000A6D54       InitCRC32
 0001:0002E690       InitDefFontData
 0002:000012B0       InitDone
 0001:0000D940       InitDriveSpacePtr
 0001:0000C9A8       InitExceptions
 0001:00031FDC       InitFlatSB
 0001:00046DF4       InitGlobals
 0001:00029BAC       InitializeBitmapInfoHeader
 0001:0000040C       InitializeCriticalSection
 0001:00006298       InitializeCriticalSection
 0002:000035C0       initialized
 0001:00031FB4       InitializeFlatSB
 0001:00005EEC       InitializeModule
 0001:0000EA7C       InitializeVarUtils
 0001:00058740       InitIMM32
 0001:0001BB10       InitInheritedComponent
 0001:0000D1B8       InitLeadBytes
 0001:0002FE2C       InitMultiMonStubs
 0001:0000CA98       InitPlatformId
 0002:00003044       InitProc
 0001:0006F8A4       InitProcs
 0001:0002E614       InitScreenLogPixels
 0001:0000D230       InitSysLocale
 0001:00005E68       InitThreadTLS
 0001:000994A8       InitToolMenuHooks
 0001:000995A8       InitToolMenuKeyHooks
 0001:000037A8       InitUnits
 0001:00004950       InitVariantManager
 0001:0004A470       InitWndProc
 0002:00000CCC       InnerStyles
 0002:0000104C       InnerStyles
 0001:00001904       InOutError
 0002:00004EC0       inpos
 0002:00003050       Input
 0001:0006C77C       InsertBefore
 0001:0005005C       InsertBefore
 0001:00000EC4       InsertFree
 0001:0005FE70       InsertHotkeyFarEastFormat
 0001:00006948       InsertMenu
 0001:00006950       InsertMenuItem
 0001:0009F0D0       Installers
 0001:00073288       InstallFiles
 0002:000051BC       InstallWizard
 0001:000AE5C8       InstallWizards
 0002:00003A78       InstBlockList
 0002:00003A7C       InstFreeList
 0001:00015818       Int64Compare
 0001:00014E14       Int64Op
 0001:00015804       IntCompare
 0002:00003A4C       IntConstList
 0002:00000A88       IntegralHeights
 0001:000003B8       InterlockedDecrement
 0001:0000D9A8       InterlockedDecrement
 0001:0000D9B4       InterlockedExchange
 0001:0000D9BC       InterlockedExchangeAdd
 0001:000003B0       InterlockedIncrement
 0001:0000D99C       InterlockedIncrement
 0001:00001E44       InternalClose
 0001:00026BB8       InternalDeletePalette
 0001:00002088       InternalFlush
 0001:00000D20       InternalFreeMem
 0001:00029CFC       InternalGetDIB
 0001:00029C90       InternalGetDIBSizes
 0001:0001B900       InternalReadComponentRes
 0001:00003F58       InternalUniqueString
 0001:00006518       IntersectClipRect
 0001:00006958       IntersectRect
 0001:00005F98       IntersectRect
 0001:00014D08       IntOp
 0001:00008510       IntToHex
 0001:0001B800       IntToIdent
 0001:000084AC       IntToStr
 0001:000084DC       IntToStr
 0002:00005198       inuse
 0001:00006960       InvalidateRect
 0001:00028D2C       InvalidBitmap
 0001:00028D14       InvalidGraphic
 0001:00028D38       InvalidIcon
 0001:00028D44       InvalidMetafile
 0001:00028CFC       InvalidOperation
 0001:0001A8C0       InvalidPoint
 0001:0001A8D4       InvalidPoint
 0002:0000384C       InvalidPointer
 0001:00002DB4       InvokeImplGetter
 0001:00001A98       IOResult
 0002:00000E14       IOwnerDraw
 0002:00000DFC       IRadios
 0002:00000E0C       IRTL
 0001:000654E8       IsAccel
 0001:00061020       IsAccelChar
 0001:0009A818       IsBandCurrent
 0001:0004AF64       IsBeforeTargetWindow
 0001:00006968       IsChild
 0001:0008DB04       IsClass
 0002:0000304C       IsConsole
 0001:000235BC       IsDefault
 0001:00023340       IsDefault
 0001:00023B78       IsDefaultValue
 0001:000232A8       IsDefaultValue
 0001:00023204       IsDefaultValue
 0001:000230D4       IsDefaultValue
 0001:00023A40       IsDefaultValue
 0001:0002384C       IsDefaultValue
 0001:0000CE74       IsDelimiter
 0001:0004B3C0       IsDelphiHandle
 0001:00006970       IsDialogMessage
 0001:000171C0       IsDynArrayRectangular
 0002:00000E04       ISeparators
 0001:00006978       IsIconic
 0001:0006107C       IsInitialChar
 0001:0000A258       IsLeapYear
 0002:00003038       IsLibrary
 0001:000999B0       IsMenuBar
 0001:000B45E0       IsMouseInRect
 0002:0000304D       IsMultiThread
 0001:00055B60       IsOrientationSet
 0001:0000CE40       IsPathDelimiter
 0001:00006980       IsRectEmpty
 0001:00005FF8       IsRectEmpty
 0001:0004B168       IsSiteChildOfClient
 0001:00018444       IsStoredProp
 0001:00098B9C       IsToolButtonMouseMsg
 0001:0001B8DC       IsUniqueGlobalComponentName
 0002:00003A44       IsUniqueGlobalComponentNameProc
 0001:00008448       IsValidIdent
 0001:0000D218       IsWesternGroup
 0001:00006988       IsWindow
 0001:00006990       IsWindowEnabled
 0001:00006998       IsWindowVisible
 0001:000AA430       IsZip
 0001:000069A0       IsZoomed
 0001:0005CFA4       Iterate
 0001:0005D004       IterateMenus
 0001:000B4988       ItrateMenu
 0002:0000001C       JITEnable
 0002:00004ED8       k
 0001:000654C8       KeyboardStateToShiftState
 0001:0006547C       KeyboardStateToShiftState
 0001:00065440       KeyDataToShiftState
 0001:000653EC       KeysToShiftState
 0001:0009C8C4       KeysToShiftState
 0001:000069A8       KillTimer
 0001:00008B0C       LastDelimiter
 0002:00003D48       LastMenuItem
 0002:00003D4C       LastMousePos
 0002:0000519C       lastusedtime
 0002:00001FB8       lbits
 0001:0000D144       LCIDToCodePage
 0002:00000118       LeadBytes
 0001:000062A0       LeaveCriticalSection
 0001:0000041C       LeaveCriticalSection
 0002:00000028       LibModuleList
 0001:000A6650       LibTar
 0002:00001104       LineStyles
 0001:00006520       LineTo
 0001:00078D94       ListActns
 0001:0004BF38       ListAdd
 0001:000780AC       ListItemsCompare
 0001:0004BF60       ListRemove
 0002:00003802       ListSeparator
 0002:00001290       ListStyles
 0001:0002F1C8       ListView_Arrange
 0001:0002F274       ListView_CreateDragImage
 0001:0002F118       ListView_DeleteAllItems
 0001:0002F220       ListView_DeleteColumn
 0001:0002F100       ListView_DeleteItem
 0001:0002F150       ListView_FindItem
 0001:0002F348       ListView_GetCheckState
 0001:0002F444       ListView_GetColumnOrderArray
 0001:0002F238       ListView_GetColumnWidth
 0001:0002F1E0       ListView_GetEditControl
 0001:0002F48C       ListView_GetHoverTime
 0001:0002F0B8       ListView_GetItem
 0001:0002F0A4       ListView_GetItemCount
 0001:0002F160       ListView_GetItemRect
 0001:0002F338       ListView_GetItemState
 0001:0002F12C       ListView_GetNextItem
 0001:0002F2D0       ListView_GetOrigin
 0001:0002F400       ListView_GetSelectedCount
 0001:0002F2C0       ListView_GetTopIndex
 0001:0002F19C       ListView_HitTest
 0001:0002F210       ListView_InsertColumn
 0001:0002F0E8       ListView_InsertItem
 0001:0002F1AC       ListView_RedrawItems
 0001:0002F070       ListView_SetBkColor
 0001:0002F368       ListView_SetCheckState
 0001:0002F1F4       ListView_SetColumn
 0001:0002F428       ListView_SetColumnOrderArray
 0001:0002F250       ListView_SetColumnWidth
 0001:0002F410       ListView_SetExtendedListViewStyle
 0001:0002F47C       ListView_SetHoverTime
 0001:0002F088       ListView_SetImageList
 0001:0002F0D0       ListView_SetItem
 0001:0002F3C4       ListView_SetItemCount
 0001:0002F3D4       ListView_SetItemCountEx
 0001:0002F308       ListView_SetItemState
 0001:0002F394       ListView_SetItemText
 0001:0002F2A8       ListView_SetTextBkColor
 0001:0002F290       ListView_SetTextColor
 0001:0002F460       ListView_SetWorkAreas
 0001:0002F3E4       ListView_SortItems
 0001:0002F2E8       ListView_Update
 0001:000069B0       LoadBitmap
 0001:00070DD0       LoadComExProcs
 0001:000069B8       LoadCursor
 0001:000069C0       LoadIcon
 0001:000069C8       LoadKeyboardLayout
 0001:000062A8       LoadLibrary
 0001:00000340       LoadLibraryEx
 0001:000062B0       LoadResource
 0001:00005448       LoadResourceModule
 0001:00005D00       LoadResString
 0001:000069D0       LoadString
 0001:00000348       LoadString
 0001:000003EC       LocalAlloc
 0001:00005E3C       LocalAlloc
 0001:000062B8       LocalFileTimeToFileTime
 0001:000003F4       LocalFree
 0001:0000BB6C       LocalGetLocaleStr
 0001:000A6D18       LocalHeader2BigEndian
 0001:000062C0       LockResource
 0001:000069D8       LockWindowUpdate
 0002:00003744       LongDateFormat
 0002:000037D8       LongDayNames
 0002:0000378C       LongMonthNames
 0002:00003758       LongTimeFormat
 0002:00003D7C       LowcaseFileNames
 0001:00007E40       LowerCase
 0001:00006370       lstrcmp
 0001:00006378       lstrcpy
 0001:00000350       lstrcpyn
 0002:00003A2C       LVarTypes
 0002:00003A30       LVarTypeSync
 0001:000B3E10       Main
 0002:000051EC       MainForm
 0002:00002770       mainheader
 0001:000A9E44       MainHeader2BigEndian
 0002:00003030       MainInstance
 0002:00003034       MainThreadID
 0001:0000047C       MakeEmpty
 0001:00003894       MakeErrorMessage
 0002:00000D18       MakeLast
 0001:00006BD4       MakeLong
 0001:00006C84       MakeLParam
 0001:0002563C       MakeObjectInstance
 0001:00006C30       MakeROP4
 0001:00006BC0       MakeWord
 0001:0000C668       MapException
 0001:00077244       Mapi
 0002:00001074       MAPIDLL
 0002:00001078       MAPIModule
 0001:000035C0       MapToRunError
 0001:000069E0       MapVirtualKey
 0001:000069E8       MapWindowPoints
 0002:00000D50       Mask
 0001:00006528       MaskBlt
 0002:00001FC0       mask_bits
 0001:000AA9C0       Matches
 0001:000AA8E4       MatchPattern
 0001:0002EC4C       Math
 0001:0002EC14       Max
 0001:000AF74C       Max
 0001:000681A8       MaximizedChildren
 0002:00000030       MemoryManager
 0002:00003D44       MenuButtonIndex
 0002:00000D6C       MenuKeyCaps
 0001:0006209C       Menus
 0002:00003D3C       MenuToolBar
 0002:00003D40       MenuToolBar2
 0001:000B80BC       MenuWindowProc
 0001:000B8670       MergColor
 0001:000004CC       MergeBlockAfter
 0001:00000F98       MergeCommit
 0001:000069F0       MessageBeep
 0001:000069F8       MessageBox
 0001:000002D0       MessageBox
 0001:00046CD8       MessageDlg
 0001:00046CF8       MessageDlgPos
 0001:00046D1C       MessageDlgPosHelp
 0001:000A6D70       messageloop
 0001:00006E20       Messages
 0001:0001C67C       Min
 0001:0002EC0C       Min
 0001:000AF744       Min
 0001:0004F890       MinVar
 0001:000ABDC0       Mkdir
 0001:00001ACC       MkDir
 0001:0009E95C       Mkdir
 0001:00001AB8       MkDir
 0002:00003B28       MMAvailable
 0002:00000BD0       ModalResults
 0002:00000D30       ModeMap
 0001:00076E0C       ModifySystemMenu
 0001:00069DD4       ModifySystemMenu
 0002:000000B0       Module
 0002:0000370D       ModuleIsCpp
 0002:0000370C       ModuleIsLib
 0001:0002560C       ModuleUnload
 0002:0000002C       ModuleUnloadList
 0002:00000F38       MonitorDefaultFlags
 0002:00003B04       MonitorFromPoint
 0002:00003B00       MonitorFromRect
 0002:00003AFC       MonitorFromWindow
 0002:000000E8       MonthDays
 0002:00003BF4       Mouse
 0001:00001AE4       Move
 0001:00006530       MoveToEx
 0001:0004BF80       MoveWindowOrg
 0001:000062C8       MulDiv
 0001:00000360       MultiByteToWideChar
 0001:000062D0       MultiByteToWideChar
 0002:00000A90       MultiColumns
 0001:0006F35C       MultiLineWidth
 0001:0002FEC8       MultiMon
 0002:00001194       MultiSelections
 0002:00000A78       MultiSelects
 0001:000A6F40       NEEDBITS
 0002:00003CC4       NeedToUninitialize
 0001:0001602C       NegateAny
 0001:00015F7C       NegateAsDouble
 0001:00015FD4       NegateByte
 0001:00016040       NegateCustom
 0001:00015FF8       NegateLongWord
 0001:00015FA8       NegateVariant
 0001:00015F94       NegateViaOS
 0001:00015FE8       NegateWord
 0002:00003739       NegCurrFormat
 0001:000B8700       NewColor
 0001:00001024       NewCommit
 0001:00001050       NewCommitAt
 0002:00001048       NewState
 0002:00003BF8       NewStyleControls
 0001:00008E4C       Next
 0001:0000CE04       NextCharIndex
 0001:00055B44       NextVisibleZone
 0002:000051B4       next_free
 0002:000005FC       NilMethod
 0001:0008AE84       NodeInList
 0002:00000020       NoErrMsg
 0002:00003EB8       NoRecurseDirs
 0001:0005DDB8       NormalDraw
 0001:000164D4       NotAny
 0001:0001642C       NotAsOrdinal
 0001:0001635C       NotAsString
 0001:000164E8       NotCustom
 0001:00003178       NotifyAnyExcept
 0001:0001CB08       NotifyDesigner
 0001:0000314C       NotifyExcept
 0001:000031AC       NotifyExceptFinally
 0001:0001B9DC       NotifyGlobalLoading
 0001:00005748       NotifyModuleUnload
 0001:00003128       NotifyNonDelphiException
 0001:00003164       NotifyOnExcept
 0001:0000310C       NotifyReRaise
 0001:000031D4       NotifyTerminate
 0001:000031F0       NotifyUnhandled
[...]
  3886 0001:000BA5B2  3887 0001:000BA5C1  3888 0001:000BA5C6  3889 0001:000BA5D5
  3892 0001:000BA5DA  3903 0001:000BA625  3906 0001:000BA652  3923 0001:000BA65C
  3925 0001:000BA684  3926 0001:000BA693  3927 0001:000BA6A1  3929 0001:000BA6AF
  3930 0001:000BA6BE  3931 0001:000BA6C7  3932 0001:000BA6D0  3935 0001:000BA6DD
  3936 0001:000BA6E3  3938 0001:000BA6EC  3939 0001:000BA6FB  3940 0001:000BA718
  3941 0001:000BA726  3946 0001:000BA752  3948 0001:000BA75F  3950 0001:000BA76E
  3951 0001:000BA79B  3952 0001:000BA7A1  3956 0001:000BA7AF  3957 0001:000BA7CB
  3958 0001:000BA7D1  3960 0001:000BA7DD  3964 0001:000BA7FB  3965 0001:000BA80A
  3967 0001:000BA839  3968 0001:000BA845  3969 0001:000BA84B  3971 0001:000BA862
  3973 0001:000BA892  3975 0001:000BA8A9  3979 0001:000BA8B0  3981 0001:000BA8B6
  3982 0001:000BA8C2  3985 0001:000BA8C8  3987 0001:000BA8D7  3988 0001:000BA8E6
  3991 0001:000BA8EC  3992 0001:000BA8FB  3995 0001:000BA902  3996 0001:000BA909
  3998 0001:000BA917  3999 0001:000BA920  4002 0001:000BA929  4004 0001:000BA946
  4005 0001:000BA955  4006 0001:000BA963  4007 0001:000BA973  4009 0001:000BA983
  4011 0001:000BA989  4012 0001:000BA99E  4014 0001:000BA9C8  4018 0001:000BA9DD
  4019 0001:000BA9F2  4021 0001:000BAA16  4023 0001:000BAA29  4024 0001:000BAA39
  4034 0001:000BAA7B  4041 0001:000BAA8B  4042 0001:000BAA99  4043 0001:000BAA9F
  4045 0001:000BAAAA  4047 0001:000BAAD4  4049 0001:000BAADF  4051 0001:000BAAFC
  4052 0001:000BAB17  4054 0001:000BAB2F  4055 0001:000BAB35  4056 0001:000BAB42
  4062 0001:000BAB69  4065 0001:000BAB7F  4067 0001:000BAB92  4069 0001:000BAB9C
  4071 0001:000BABAB  4072 0001:000BABB9  4073 0001:000BABCF  4075 0001:000BABEC
  4076 0001:000BABFB  4077 0001:000BAC09  4080 0001:000BAC19  4082 0001:000BAC22
  4083 0001:000BAC36  4087 0001:000BAC4C  4088 0001:000BAC56  4090 0001:000BAC65
  4091 0001:000BAC82  4092 0001:000BAC91  4093 0001:000BAC9F  4097 0001:000BACAF
  4098 0001:000BACCC  4099 0001:000BACDB  4100 0001:000BACEB  4103 0001:000BACFA
  4105 0001:000BAD08  4107 0001:000BAD12  4108 0001:000BAD1E  4110 0001:000BAD2C
  4112 0001:000BAD39  4115 0001:000BAD48  4116 0001:000BAD57  4120 0001:000BAD5E
  4122 0001:000BAD64  4123 0001:000BAD73  4127 0001:000BADAA  4128 0001:000BADAD
  4132 0001:000BADB5  4133 0001:000BADB7  4138 0001:000BADBC  4140 0001:000BADCF
  4141 0001:000BADDE  4144 0001:000BAE06  4146 0001:000BAE18  4147 0001:000BAE22
  4148 0001:000BAE2C  4149 0001:000BAE4C  4151 0001:000BAE5D  4153 0001:000BAE62
  4157 0001:000BAE7C  4158 0001:000BAE83  4159 0001:000BAE98  4160 0001:000BAE9F
  4161 0001:000BAEAE  4162 0001:000BAEB5  4163 0001:000BAEC1  4166 0001:000BAEC8
  4171 0001:000BAF25  4172 0001:000BAF34  4174 0001:000BAF43  4175 0001:000BAF49
  4177 0001:000BAF4F  4179 0001:000BAF59  4182 0001:000BAF77  4183 0001:000BAF8D
  4184 0001:000BAF93  4185 0001:000BAFA3  4187 0001:000BAFA9  4188 0001:000BAFB2
  4189 0001:000BAFB8  4190 0001:000BAFC8  4195 0001:000BAFD6  4196 0001:000BAFEA
  4197 0001:000BAFF2  4198 0001:000BB001  4200 0001:000BB007  4201 0001:000BB010
  4202 0001:000BB018  4203 0001:000BB028  4208 0001:000BB036  4209 0001:000BB045
  4210 0001:000BB04B  4211 0001:000BB062  4213 0001:000BB068  4214 0001:000BB077
  4215 0001:000BB07D  4216 0001:000BB086  4221 0001:000BB091  4222 0001:000BB0A0
  4223 0001:000BB0A6  4224 0001:000BB0BB  4226 0001:000BB0C3  4227 0001:000BB0D2
  4228 0001:000BB0D8  4229 0001:000BB0E1  4235 0001:000BB0EA  4243 0001:000BB144
  4246 0001:000BB14C  4256 0001:000BB19B  4259 0001:000BB1D3  4272 0001:000BB1E8
  4274 0001:000BB20C  4275 0001:000BB21B  4276 0001:000BB229  4278 0001:000BB234
  4280 0001:000BB240  4281 0001:000BB252  4284 0001:000BB277  4285 0001:000BB28F
  4289 0001:000BB2A6  4290 0001:000BB2B8  4292 0001:000BB2DD  4293 0001:000BB2E3
  4296 0001:000BB2E8  4298 0001:000BB2F4  4301 0001:000BB309  4303 0001:000BB31B
  4307 0001:000BB31D  4309 0001:000BB324  4311 0001:000BB32F  4312 0001:000BB338
  4315 0001:000BB341  4316 0001:000BB35F  4318 0001:000BB36A  4321 0001:000BB377
  4322 0001:000BB393  4324 0001:000BB3AD  4326 0001:000BB3C3  4327 0001:000BB3D2
  4329 0001:000BB3E4  4330 0001:000BB400  4331 0001:000BB413  4332 0001:000BB423
  4333 0001:000BB430  4337 0001:000BB440  4338 0001:000BB45C  4339 0001:000BB46C
  4340 0001:000BB47E  4341 0001:000BB490  4344 0001:000BB49F  4346 0001:000BB4AA
  4348 0001:000BB4B4  4349 0001:000BB4BD  4351 0001:000BB4CB  4353 0001:000BB4D8
  4358 0001:000BB4E7  4360 0001:000BB4ED  4361 0001:000BB4FC  4365 0001:000BB530
  4366 0001:000BB533  4370 0001:000BB53B  4371 0001:000BB53D  4375 0001:000BB542
  4376 0001:000BB54E  4379 0001:000BB555  4381 0001:000BB565  4382 0001:000BB574
  4385 0001:000BB596  4387 0001:000BB5A6  4388 0001:000BB5B0  4389 0001:000BB5BB
  4390 0001:000BB5C7  4391 0001:000BB5E8  4393 0001:000BB603  4397 0001:000BB64E
  4400 0001:000BB672  4401 0001:000BB688  4402 0001:000BB68E  4403 0001:000BB69E
  4405 0001:000BB6A7  4406 0001:000BB6B0  4408 0001:000BB6B6  4409 0001:000BB6C6
  4413 0001:000BB6D4  4414 0001:000BB6E8  4415 0001:000BB6F0  4416 0001:000BB700
  4418 0001:000BB709  4419 0001:000BB712  4420 0001:000BB71A  4421 0001:000BB72A
  4425 0001:000BB738  4426 0001:000BB747  4427 0001:000BB74D  4428 0001:000BB765
  4430 0001:000BB76E  4431 0001:000BB77D  4432 0001:000BB783  4433 0001:000BB78C
  4438 0001:000BB797  4439 0001:000BB7A6  4440 0001:000BB7AC  4441 0001:000BB7C2
  4443 0001:000BB7CB  4444 0001:000BB7DA  4445 0001:000BB7E0  4446 0001:000BB7E9
  4451 0001:000BB7F2  4459 0001:000BB826  4462 0001:000BB82E  4464 0001:000BB840
  4465 0001:000BB84B  4467 0001:000BB854  4468 0001:000BB85B  4469 0001:000BB865
  4472 0001:000BB872  4483 0001:000BB8BF  4485 0001:000BB8FC  4496 0001:000BB904
  4497 0001:000BB91B  4498 0001:000BB941  4500 0001:000BB945  4502 0001:000BB951
  4503 0001:000BB963  4504 0001:000BB978  4507 0001:000BB987  4508 0001:000BB999
  4512 0001:000BB9C0  4513 0001:000BB9D2  4515 0001:000BBA07  4516 0001:000BBA2D
  4519 0001:000BBA5C  4520 0001:000BBA70  4521 0001:000BBA84  4523 0001:000BBA98
  4524 0001:000BBABA  4525 0001:000BBAD3  4526 0001:000BBAE7  4529 0001:000BBB1E
  4531 0001:000BBB28  4532 0001:000BBB33  4533 0001:000BBB42  4534 0001:000BBB50
  4535 0001:000BBB5E  4537 0001:000BBB6C  4538 0001:000BBB7B  4539 0001:000BBB9B
  4541 0001:000BBBE2  4544 0001:000BBC3A  4546 0001:000BBC4A  4555 0001:000BBC50
  4557 0001:000BBC71  4558 0001:000BBC7B  4559 0001:000BBC8A  4560 0001:000BBC98
  4562 0001:000BBCA3  4563 0001:000BBCAD  4564 0001:000BBCBE  4565 0001:000BBCD6
  4567 0001:000BBCE1  4568 0001:000BBCEE  4569 0001:000BBCFC  4570 0001:000BBD08
  4571 0001:000BBD17  4572 0001:000BBD2D  4574 0001:000BBD43  4575 0001:000BBD4D
  4576 0001:000BBD53  4577 0001:000BBD60  4578 0001:000BBD71  4582 0001:000BBD86
  4583 0001:000BBD90  4584 0001:000BBD9D  4585 0001:000BBDAE  4586 0001:000BBDBC
  4587 0001:000BBDCA  4588 0001:000BBDD6  4590 0001:000BBDEB  4594 0001:000BBDFE
  4595 0001:000BBE08  4596 0001:000BBE18  4597 0001:000BBE25  4598 0001:000BBE43
  4599 0001:000BBE5B  4602 0001:000BBE65  4604 0001:000BBE71  4605 0001:000BBE7B
  4606 0001:000BBE84  4610 0001:000BBE8C  4611 0001:000BBE94  4614 0001:000BBE9A
  4615 0001:000BBEA0  4618 0001:000BBEA5  4619 0001:000BBEAF  4620 0001:000BBEB5
  4621 0001:000BBEC4  4622 0001:000BBED1  4623 0001:000BBED6  4624 0001:000BBEDC
  4625 0001:000BBEED  4626 0001:000BBF05  4628 0001:000BBF0F  4630 0001:000BBF20
  4631 0001:000BBF31  4633 0001:000BBF42  4634 0001:000BBF4F  4635 0001:000BBF5B
  4637 0001:000BBF65  4640 0001:000BBF7B  4641 0001:000BBF85  4642 0001:000BBF90
  4643 0001:000BBF9C  4645 0001:000BBFAC  4646 0001:000BBFBA  4647 0001:000BBFC7
  4649 0001:000BBFD5  4650 0001:000BBFE3  4653 0001:000BBFFF  4655 0001:000BC02C
  4662 0001:000BC040  4663 0001:000BC04B  4664 0001:000BC055  4665 0001:000BC064
  4666 0001:000BC072  4668 0001:000BC07D  4669 0001:000BC088  4670 0001:000BC09D
  4671 0001:000BC0B2  4673 0001:000BC0BF  4674 0001:000BC0C3  4676 0001:000BC0DA
  4679 0001:000BC0EF  4681 0001:000BC0FB  4683 0001:000BC119  4684 0001:000BC125
  4686 0001:000BC13C  4689 0001:000BC15E  4692 0001:000BC16E  4704 0001:000BC178
  4705 0001:000BC182  4706 0001:000BC191  4707 0001:000BC1A5  4708 0001:000BC1B3
  4709 0001:000BC1C1  4711 0001:000BC1CC  4713 0001:000BC1DA  4715 0001:000BC1EC
  4716 0001:000BC1F5  4718 0001:000BC20F  4722 0001:000BC229  4723 0001:000BC232
  4725 0001:000BC259  4728 0001:000BC26F  4730 0001:000BC27E  4731 0001:000BC285
  4734 0001:000BC292  4735 0001:000BC29F  4737 0001:000BC2AC  4738 0001:000BC2C6
  4740 0001:000BC2E9  4741 0001:000BC2F1  4743 0001:000BC30E  4752 0001:000BC314
  4753 0001:000BC31E  4754 0001:000BC32D  4755 0001:000BC341  4756 0001:000BC34F
  4757 0001:000BC35D  4759 0001:000BC368  4760 0001:000BC371  4762 0001:000BC37C
  4764 0001:000BC39F  4765 0001:000BC3AB  4767 0001:000BC3B8  4768 0001:000BC3D2
  4770 0001:000BC3F5  4771 0001:000BC3FD  4773 0001:000BC41A  4782 0001:000BC420
  4783 0001:000BC42A  4784 0001:000BC439  4785 0001:000BC44D  4786 0001:000BC45B
  4787 0001:000BC469  4789 0001:000BC474  4791 0001:000BC482  4792 0001:000BC494
  4794 0001:000BC4AC  4796 0001:000BC4CF  4797 0001:000BC4DB  4799 0001:000BC4E8
  4800 0001:000BC502  4801 0001:000BC518  4802 0001:000BC525  4803 0001:000BC535
  4806 0001:000BC558  4807 0001:000BC560  4809 0001:000BC57D  4822 0001:000BC584
  4823 0001:000BC596  4824 0001:000BC59F  4825 0001:000BC5AE  4826 0001:000BC5BD
  4827 0001:000BC5CC  4828 0001:000BC5D0  4830 0001:000BC5D5  4831 0001:000BC5FE
  4834 0001:000BC604  4837 0001:000BC60F  4839 0001:000BC621  4840 0001:000BC629
  4841 0001:000BC631  4842 0001:000BC639  4843 0001:000BC650  4848 0001:000BC654
  4849 0001:000BC65A  4850 0001:000BC666  4855 0001:000BC66F  4856 0001:000BC68E
  4858 0001:000BC69A  4860 0001:000BC6AB  4862 0001:000BC6BC  4863 0001:000BC6C6
  4867 0001:000BC6D0  4871 0001:000BC6D4  4872 0001:000BC6DA  4873 0001:000BC6E4
  4874 0001:000BC6EF  4877 0001:000BC70A  4878 0001:000BC70D  4880 0001:000BC714
  4884 0001:000BC718  4885 0001:000BC71E  4886 0001:000BC723  4887 0001:000BC72C
  4888 0001:000BC736  4898 0001:000BC73C  4899 0001:000BC747  4900 0001:000BC753
  4902 0001:000BC759  4903 0001:000BC761  4904 0001:000BC772  4905 0001:000BC780
  4906 0001:000BC793  4904 0001:000BC7A7  4907 0001:000BC7AA  4908 0001:000BC7B2
  4911 0001:000BC7BD  4913 0001:000BC7C4  4914 0001:000BC7CA  4917 0001:000BC7D6
  4918 0001:000BC7EB  4920 0001:000BC808  4921 0001:000BC821  4923 0001:000BC840
  4924 0001:000BC853  4925 0001:000BC861  4926 0001:000BC875  4927 0001:000BC88A
  4928 0001:000BC894  4929 0001:000BC8A2  4931 0001:000BC8B0  4932 0001:000BC8BE
  4933 0001:000BC8CC  4935 0001:000BC8DA  4917 0001:000BC8DB  4936 0001:000BC8E2
  4939 0001:000BC8E8  4947 0001:000BC8F0  4948 0001:000BC8F8  4949 0001:000BC8FA
  4950 0001:000BC909  4952 0001:000BC90B  4953 0001:000BC915  4954 0001:000BC928
  4955 0001:000BC92A  4956 0001:000BC92B  4957 0001:000BC939  4970 0001:000BC940
  4971 0001:000BC94D  4973 0001:000BC951  4976 0001:000BC95E  4978 0001:000BC96A
  4979 0001:000BC96D  4981 0001:000BC971  4982 0001:000BC98D  4983 0001:000BC998
  4984 0001:000BC9AC  4985 0001:000BC9C0  4986 0001:000BC9CD  4987 0001:000BC9D7
  4991 0001:000BC9EB  4993 0001:000BC9F3  4994 0001:000BC9F6  4995 0001:000BCA00
  4998 0001:000BCA0D  4999 0001:000BCA1C  5000 0001:000BCA2A  5002 0001:000BCA31
  5003 0001:000BCA40  5004 0001:000BCA4D  5005 0001:000BCA5B  5006 0001:000BCA65
  5007 0001:000BCA6B  5009 0001:000BCA79  5002 0001:000BCA7C  5010 0001:000BCA7F
  5013 0001:000BCA96  5016 0001:000BCA9E  5024 0001:000BCAA8  5025 0001:000BCAB2
  5026 0001:000BCABF  5027 0001:000BCADB  5029 0001:000BCB15  5030 0001:000BCB17
  5031 0001:000BCB34  5030 0001:000BCB65  5032 0001:000BCB68  5033 0001:000BCB6C
  5034 0001:000BCB87  5026 0001:000BCB88  5035 0001:000BCB92  5044 0001:000BCB9C
  5046 0001:000BCBAE  5047 0001:000BCBC6  5048 0001:000BCBD6  5049 0001:000BCBEB
  5050 0001:000BCBF0  5051 0001:000BCC02  5052 0001:000BCC10  5053 0001:000BCC1C
  5054 0001:000BCC2D  5055 0001:000BCC37  5057 0001:000BCC41  5058 0001:000BCC65
  5059 0001:000BCC6F  5060 0001:000BCC80  5061 0001:000BCC8A  5063 0001:000BCC94
  5064 0001:000BCCA5  5065 0001:000BCCAF  5067 0001:000BCCB9  5068 0001:000BCCCA
  5069 0001:000BCCD4  5072 0001:000BCCED  5075 0001:000BCCF2  5046 0001:000BCCF5
  5076 0001:000BCCFF  5127 0001:000BCD4C  5127 0001:000BCD53

Line numbers for ExceptionsAnalyzer(ExceptionsAnalyzer.pas) segment .text

   181 0001:000BD438   182 0001:000BD461   185 0001:000BD471   186 0001:000BD480
   187 0001:000BD48E   188 0001:000BD499   191 0001:000BD4A9   193 0001:000BD4B0
   195 0001:000BD4CD   192 0001:000BD4D0   199 0001:000BD4DE   200 0001:000BD4EB
   203 0001:000BD4F5   205 0001:000BD4FA   204 0001:000BD4FD   207 0001:000BD528
   209 0001:000BD540   210 0001:000BD577   211 0001:000BD5B8   212 0001:000BD5F9
   213 0001:000BD60C   214 0001:000BD62A   215 0001:000BD630   216 0001:000BD66C
   217 0001:000BD675   218 0001:000BD67E   220 0001:000BD68B   206 0001:000BD68E
   225 0001:000BD6A2   227 0001:000BD6BF   224 0001:000BD6C2   231 0001:000BD6D0
   233 0001:000BD6D5   232 0001:000BD6D8   235 0001:000BD703   237 0001:000BD71B
   238 0001:000BD752   239 0001:000BD7A5   240 0001:000BD7B8   241 0001:000BD804
   242 0001:000BD80D   244 0001:000BD81A   234 0001:000BD81D   247 0001:000BD82F
   251 0001:000BD840   252 0001:000BD869   253 0001:000BD88D   254 0001:000BD897
   255 0001:000BD8C2   256 0001:000BD8DA   257 0001:000BD8F5   258 0001:000BD8FB
   259 0001:000BD8FD   255 0001:000BD900   261 0001:000BD905   263 0001:000BD907
   250 0001:000BD90A   267 0001:000BD91C   269 0001:000BD921   268 0001:000BD924
   271 0001:000BD955   272 0001:000BD968   273 0001:000BD9B4   274 0001:000BDA0A
   275 0001:000BDA13   276 0001:000BDA20   277 0001:000BDA33   278 0001:000BDA7F
   279 0001:000BDAD5   280 0001:000BDADE   281 0001:000BDAEB   282 0001:000BDAFE
   283 0001:000BDB4A   284 0001:000BDBA0   285 0001:000BDBA9   286 0001:000BDBB6
   287 0001:000BDBC9   288 0001:000BDC15   289 0001:000BDC6B   290 0001:000BDC74
   291 0001:000BDC81   270 0001:000BDC84   293 0001:000BDCB0   294 0001:000BDCB3
   248 0001:000BDCD6   299 0001:000BDCF5   301 0001:000BDD3A   304 0001:000BDE04
   306 0001:000BDE06   307 0001:000BDE19   305 0001:000BDE25   310 0001:000BDE32
   311 0001:000BDE45   309 0001:000BDE51   314 0001:000BDE5E   315 0001:000BDE71
   313 0001:000BDE7D   317 0001:000BDE88   327 0001:000BDE8C   328 0001:000BDEB2
   329 0001:000BDEBA   330 0001:000BDEC2   331 0001:000BDECA   332 0001:000BDED2
   333 0001:000BDED9   334 0001:000BDEEB   338 0001:000BDEF8   339 0001:000BDF10
   341 0001:000BDF4A   342 0001:000BDF61   343 0001:000BDF67   344 0001:000BDF69
   338 0001:000BDF6C   347 0001:000BDF71   348 0001:000BDF89   349 0001:000BDF9E
   350 0001:000BDFA4   351 0001:000BDFBC   352 0001:000BDFBE   347 0001:000BDFC1
   355 0001:000BDFC6   356 0001:000BDFDE   357 0001:000BDFF3   358 0001:000BE008
   359 0001:000BE024   360 0001:000BE03C   361 0001:000BE03E   355 0001:000BE041
   362 0001:000BE046   363 0001:000BE04C   365 0001:000BE096   366 0001:000BE0A1
   368 0001:000BE0E0   379 0001:000BE120   380 0001:000BE141   381 0001:000BE14E
   382 0001:000BE169   383 0001:000BE18C   384 0001:000BE192   385 0001:000BE1AC
   388 0001:000BE1C1   389 0001:000BE1CE   391 0001:000BE1E3   394 0001:000BE1F3
   395 0001:000BE204   396 0001:000BE214   397 0001:000BE224   398 0001:000BE231
   399 0001:000BE23B   400 0001:000BE247   402 0001:000BE259   403 0001:000BE26E
   406 0001:000BE280   407 0001:000BE295   410 0001:000BE2A7   411 0001:000BE2BC
   414 0001:000BE2CE   415 0001:000BE2E3   418 0001:000BE2F3   419 0001:000BE359
   420 0001:000BE3C4   421 0001:000BE401   423 0001:000BE42D   424 0001:000BE436
   425 0001:000BE43D   426 0001:000BE44D   427 0001:000BE48A   430 0001:000BE4B1
   433 0001:000BE4C1   434 0001:000BE4CE   435 0001:000BE4D5   436 0001:000BE4DE
   437 0001:000BE4EE   439 0001:000BE4FE   440 0001:000BE519   441 0001:000BE534
   442 0001:000BE544   443 0001:000BE551   444 0001:000BE598   445 0001:000BE602
   446 0001:000BE669   447 0001:000BE6B5   448 0001:000BE724   450 0001:000BE790
   451 0001:000BE7AB   452 0001:000BE7C6   453 0001:000BE7D6   454 0001:000BE7E3
   455 0001:000BE82A   456 0001:000BE894   457 0001:000BE8FB   458 0001:000BE947
   459 0001:000BE9B6   461 0001:000BEA22   462 0001:000BEA3D   463 0001:000BEA58
   464 0001:000BEA68   465 0001:000BEA75   466 0001:000BEABC   467 0001:000BEB26
   468 0001:000BEB8D   469 0001:000BEBC7   470 0001:000BEC13   471 0001:000BEC82
   472 0001:000BECEE   473 0001:000BED2D   475 0001:000BEDA5   483 0001:000BF158
   484 0001:000BF15E   485 0001:000BF167   487 0001:000BF16D   489 0001:000BF170
   490 0001:000BF17E   491 0001:000BF18D   492 0001:000BF199   504 0001:000BF1A0
   506 0001:000BF1C4   509 0001:000BF1C7   511 0001:000BF1CF   512 0001:000BF1DE
   513 0001:000BF1EC   514 0001:000BF1F2   516 0001:000BF200   517 0001:000BF208
   518 0001:000BF222   519 0001:000BF226   521 0001:000BF23D   523 0001:000BF242
   524 0001:000BF24A   525 0001:000BF262   526 0001:000BF283   527 0001:000BF289
   528 0001:000BF294   524 0001:000BF297   531 0001:000BF29C   533 0001:000BF2AD
   536 0001:000BF2B6   537 0001:000BF2C6   534 0001:000BF2CA   542 0001:000BF2E4
   544 0001:000BF2F4   545 0001:000BF2FA   548 0001:000BF307   549 0001:000BF322
   550 0001:000BF330   551 0001:000BF362   552 0001:000BF378   553 0001:000BF38B
   554 0001:000BF393   555 0001:000BF3A6   560 0001:000BF44A   561 0001:000BF453
   562 0001:000BF491   563 0001:000BF4A3   564 0001:000BF4BD   566 0001:000BF4D7
   568 0001:000BF532   572 0001:000BF718   573 0001:000BF727   574 0001:000BF72F
   579 0001:000BF734   580 0001:000BF740   581 0001:000BF74D   584 0001:000BF754
   585 0001:000BF760   586 0001:000BF772   588 0001:000BF781   589 0001:000BF78E
   595 0001:000BF794   605 0001:000BF7BD   606 0001:000BF7D0   607 0001:000BF7EB
   608 0001:000BF7F8   609 0001:000BF820   610 0001:000BF844   609 0001:000BF879
   612 0001:000BF87E   613 0001:000BF890   614 0001:000BF8D5   617 0001:000BF924
   618 0001:000BF930   619 0001:000BF940   620 0001:000BF950   621 0001:000BF960
   622 0001:000BF970   623 0001:000BF980   624 0001:000BF990   625 0001:000BF9A0
   626 0001:000BF9B0   627 0001:000BF9C0   628 0001:000BF9D0   629 0001:000BF9E0
   630 0001:000BF9F0   631 0001:000BFA00   632 0001:000BFA10   633 0001:000BFA20
   634 0001:000BFA30   635 0001:000BFA4F   636 0001:000BFA67   637 0001:000BFA7F
   638 0001:000BFA97   639 0001:000BFAAF   644 0001:000BFBD4   645 0001:000BFBF3
   660 0001:000BFC00   661 0001:000BFC25   678 0001:000BFFB4   679 0001:000BFFD2
   680 0001:000BFFDC   681 0001:000BFFE6   683 0001:000C0019   663 0001:000C001C
   664 0001:000C003E   665 0001:000C004D   666 0001:000C005C   667 0001:000C0063
   668 0001:000C006A   669 0001:000C0071   670 0001:000C0078   671 0001:000C007F
   672 0001:000C0090   673 0001:000C00A1   674 0001:000C00B2   675 0001:000C00D4
   677 0001:000C0113

Line numbers for Packman(C:\projects\dev-cpp\V5\source\packman\Packman.dpr) segment .text

    29 0001:000C03F8    30 0001:000C0408    31 0001:000C0414    32 0001:000C0425
    33 0001:000C043D    34 0001:000C0449

Bound resource files

c:\program files\borland\delphi6\Lib\CONTROLS.RES
c:\program files\borland\delphi6\Lib\BUTTONS.RES
c:\program files\borland\delphi6\Lib\EXTDLGS.RES
RemoveForms.dfm
ExtractionProgressDialog.dfm
InstallWizards.dfm
DetailsForms.dfm
VerifyForms.dfm
AboutForms.dfm
Main.dfm
ExceptionsAnalyzer.dfm
Packman.res
Packman.drf


Program entry point at 0001:000C03F8
